[2026-09-30T06:13:05-04:00] $ swift build -Xswiftc -warnings-as-errors --scratch-path /tmp/pasteasfile-build/spm
[2026-09-30T06:13:13-04:00] rc=0 duree=8s log=docs/logs/v1_swift_build.log
[2026-09-30T06:13:13-04:00] $ swift test -Xswiftc -warnings-as-errors --scratch-path /tmp/pasteasfile-build/spm
[2026-09-30T06:13:22-04:00] rc=0 duree=9s log=docs/logs/v2_swift_test.log
[2026-09-30T06:13:25-04:00] $ xcodebuild -project PasteAsFile.xcodeproj -scheme PasteAsFile -configuration Release -derivedDataPath /tmp/pasteasfile-build/xcode build
[2026-09-30T06:13:48-04:00] rc=0 duree=23s log=docs/logs/v3_build_app.log
[2026-09-30T06:13:51-04:00] $ xcodebuild -project PasteAsFile.xcodeproj -scheme PasteAsFileFinder -configuration Release -derivedDataPath /tmp/pasteasfile-build/xcode build
[2026-09-30T06:13:53-04:00] rc=0 duree=2s log=docs/logs/v3_build_finder.log
[2026-09-30T06:13:56-04:00] $ plutil -lint PasteAsFile/Info.plist PasteAsFileFinder/Info.plist PasteAsFileFinder/PasteAsFileFinder.entitlements PasteAsFile.xcodeproj/project.pbxproj
[2026-09-30T06:13:56-04:00] rc=0 duree=0s log=docs/logs/v4_plist.log
[2026-09-30T06:13:57-04:00] $ codesign --verify --deep --strict --verbose=2 /tmp/pasteasfile-build/xcode/Build/Products/Release/PasteAsFile.app
[2026-09-30T06:13:57-04:00] rc=0 duree=0s log=docs/logs/v5_codesign.log
[2026-09-30T06:21:25-04:00] $ xcodebuild -project PasteAsFile.xcodeproj -scheme PasteAsFile -configuration Release build
[2026-09-30T06:21:53-04:00] rc=0 duree=28s log=docs/logs/v3_build_app_inline.log
[2026-09-30T06:21:53-04:00] $ xcodebuild -project PasteAsFile.xcodeproj -scheme PasteAsFileFinder -configuration Release build
[2026-09-30T06:21:56-04:00] rc=0 duree=3s log=docs/logs/v3_build_finder_inline.log
[2026-09-30T06:22:10-04:00] $ codesign --verify --deep --strict --verbose=2 /Users/bf/Library/Developer/Xcode/DerivedData/PasteAsFile-dgpbpeznkgqoaobgpyrnpeucjuwy/Build/Products/Release/PasteAsFile.app
[2026-09-30T06:22:10-04:00] rc=0 duree=0s log=docs/logs/v5_codesign_deriveddata.log
[2026-09-30T06:22:10-04:00] $ codesign --verify --deep --strict --verbose=2 /Users/bf/Library/Developer/Xcode/DerivedData/PasteAsFile-dgpbpeznkgqoaobgpyrnpeucjuwy/Build/Products/Release/PasteAsFileFinder.appex
[2026-09-30T06:22:10-04:00] rc=0 duree=0s log=docs/logs/v5_codesign_deriveddata_appex.log
[2026-09-30T06:27:41-04:00] $ env DEVELOPER_DIR=/Applications/Xcode.app/Contents/Developer swift build -Xswiftc -warnings-as-errors --scratch-path /tmp/pasteasfile-build/spm
[2026-09-30T06:27:43-04:00] rc=0 log=docs/logs/V1.log
[2026-09-30T06:27:43-04:00] $ env DEVELOPER_DIR=/Applications/Xcode.app/Contents/Developer swift test -Xswiftc -warnings-as-errors --scratch-path /tmp/pasteasfile-build/spm
[2026-09-30T06:27:45-04:00] rc=0 log=docs/logs/V2.log
[2026-09-30T06:27:45-04:00] $ env DEVELOPER_DIR=/Applications/Xcode.app/Contents/Developer xcodebuild -project PasteAsFile.xcodeproj -scheme PasteAsFile -configuration Release -derivedDataPath /tmp/pasteasfile-build/xcode build
[2026-09-30T06:27:48-04:00] rc=0 log=docs/logs/V3-app.log
[2026-09-30T06:27:48-04:00] $ env DEVELOPER_DIR=/Applications/Xcode.app/Contents/Developer xcodebuild -project PasteAsFile.xcodeproj -scheme PasteAsFileFinder -configuration Release -derivedDataPath /tmp/pasteasfile-build/xcode build
[2026-09-30T06:27:51-04:00] rc=0 log=docs/logs/V3-finder.log
[2026-09-30T06:27:51-04:00] $ plutil -lint PasteAsFile/Info.plist PasteAsFileFinder/Info.plist PasteAsFileFinder/PasteAsFileFinder.entitlements PasteAsFile.xcodeproj/project.pbxproj
[2026-09-30T06:27:51-04:00] rc=0 log=docs/logs/V4-plist.log
[2026-09-30T06:27:51-04:00] $ /bin/bash -c test "$(/usr/libexec/PlistBuddy -c 'Print NSExtension:NSExtensionPointIdentifier' PasteAsFileFinder/Info.plist)" = com.apple.FinderSync
[2026-09-30T06:27:51-04:00] rc=0 log=docs/logs/V4-point.log
[2026-09-30T06:27:51-04:00] $ /bin/bash -c test "$(/usr/libexec/PlistBuddy -c 'Print com.apple.security.app-sandbox' PasteAsFileFinder/PasteAsFileFinder.entitlements)" = false
[2026-09-30T06:27:51-04:00] rc=0 log=docs/logs/V4-sandbox.log
[2026-09-30T06:27:51-04:00] $ codesign --verify --deep --strict --verbose=2 /tmp/pasteasfile-build/xcode/Build/Products/Release/PasteAsFile.app
[2026-09-30T06:27:51-04:00] rc=0 log=docs/logs/V5.log
