Command line invocation:
    /Applications/Xcode.app/Contents/Developer/usr/bin/xcodebuild -project PasteAsFile.xcodeproj -scheme PasteAsFileFinder -configuration Release -derivedDataPath /tmp/pasteasfile-build/xcode build

--- xcodebuild: WARNING: Using the first of multiple matching destinations:
{ platform:macOS, arch:arm64, id:00006041-001C08D93EF9801C, name:My Mac }
{ platform:macOS, arch:x86_64, id:00006041-001C08D93EF9801C, name:My Mac }
{ platform:macOS, name:Any Mac }
ComputePackagePrebuildTargetDependencyGraph

Prepare packages

CreateBuildRequest

SendProjectDescription

CreateBuildOperation

ComputeTargetDependencyGraph
note: Building targets in dependency order
note: Target dependency graph (1 target)
    Target 'PasteAsFileFinder' in project 'PasteAsFile' (no dependencies)

GatherProvisioningInputs

CreateBuildDescription

ClangStatCache /Applications/Xcode.app/Contents/Developer/Toolchains/XcodeDefault.xctoolchain/usr/bin/clang-stat-cache /Applications/Xcode.app/Contents/Developer/Platforms/MacOSX.platform/Developer/SDKs/MacOSX27.0.sdk /tmp/pasteasfile-build/xcode/SDKStatCaches.noindex/macosx27.0-26A425-7231f6df4def33e022ae2eb8f782df1a.sdkstatcache
    cd /Users/bf/knowledge-share/projets-dev/PasteAsFile/PasteAsFile.xcodeproj
    /Applications/Xcode.app/Contents/Developer/Toolchains/XcodeDefault.xctoolchain/usr/bin/clang-stat-cache /Applications/Xcode.app/Contents/Developer/Platforms/MacOSX.platform/Developer/SDKs/MacOSX27.0.sdk -o /tmp/pasteasfile-build/xcode/SDKStatCaches.noindex/macosx27.0-26A425-7231f6df4def33e022ae2eb8f782df1a.sdkstatcache

ProcessInfoPlistFile /tmp/pasteasfile-build/xcode/Build/Products/Release/PasteAsFileFinder.appex/Contents/Info.plist /Users/bf/knowledge-share/projets-dev/PasteAsFile/PasteAsFileFinder/Info.plist (in target 'PasteAsFileFinder' from project 'PasteAsFile')
    cd /Users/bf/knowledge-share/projets-dev/PasteAsFile
    builtin-infoPlistUtility /Users/bf/knowledge-share/projets-dev/PasteAsFile/PasteAsFileFinder/Info.plist -producttype com.apple.product-type.app-extension -expandbuildsettings -platform macosx -o /tmp/pasteasfile-build/xcode/Build/Products/Release/PasteAsFileFinder.appex/Contents/Info.plist

PruneExplicitPrecompiledModules /tmp/pasteasfile-build/xcode/Build/Intermediates.noindex/ExplicitPrecompiledModules

PruneExplicitPrecompiledModules /tmp/pasteasfile-build/xcode/Build/Intermediates.noindex/SwiftExplicitPrecompiledModules

PruneExplicitPrecompiledModules /tmp/pasteasfile-build/xcode/SDKExplicitPrecompiledModules

** BUILD SUCCEEDED **

