=== plugins enregistres et leur signature ===
com.apple.wallpaper.extension.image( ::  :: /System/Library/ExtensionKit/Extensions/WallpaperImageExtension.appex
com.apple.tips.Widget ::  :: /System/Applications/Tips.app/Contents/PlugIns/TipsWidgetExtension.appex
com.apple.speech.MacinTalkFramework.MacinTalkAUSP ::  :: /System/iOSSupport/System/Library/ExtensionKit/Extensions/MacinTalkAUSP.appex
com.apple.podcasts.SpotlightIndexExtension ::  :: /System/Applications/Podcasts.app/Contents/PlugIns/com.apple.podcasts.SpotlightIndexExtension.appex
com.apple.siri.inference.SiriInference.SiriInferenceRuntimeDiagnostics ::  :: /System/Library/ExtensionKit/Extensions/SiriInferenceRuntimeDiagnostics.appex
com.apple.FamilyExtensionHost.FamilyOutOfProcessUIExtension( ::  :: /System/iOSSupport/System/Library/ExtensionKit/Extensions/FamilyOutOfProcessUIExtension.appex
com.apple.DiagnosticExtensions.MiLoDiagnostic ::  :: /System/Library/PrivateFrameworks/DiagnosticExtensions.framework/PlugIns/MiLoDiagnostic.appex
com.apple.parsec.SafariBrowsingAssistantWorker( ::  :: /System/Library/ExtensionKit/Extensions/SafariBrowsingAssistantWorker.appex
com.apple.settings-intents.trackpad ::  :: /System/Library/ExtensionKit/Extensions/TrackpadIntentsExtension.appex
com.apple.ScreenTime.ScreenTimeWebExtension ::  :: /System/Library/Frameworks/ScreenTime.framework/Versions/A/PlugIns/ScreenTimeWebExtension.appex
com.apple.ContactsUI.MonogramPosterExtension ::  :: /System/iOSSupport/System/Library/Frameworks/ContactsUI.framework/PlugIns/MonogramPosterExtension.appex
com.apple.inputmethod.VietnameseIM ::  :: /System/Library/Input Methods/VietnameseIM.app/Contents/PlugIns/VIM_Extension.appex
com.apple.Translation.TranslationAPIExtension( ::  :: /System/Library/ExtensionKit/Extensions/TranslationAPIExtension.appex
com.apple.DEC.AppPredictionInternal.DiagnosticExtension ::  :: /System/Library/PrivateFrameworks/AppPredictionInternal.framework/PlugIns/AppPredictionWidgetDiagnosticExtension.appex
com.apple.Flurry ::  :: /System/Library/ExtensionKit/Extensions/Flurry.appex
com.apple.HydraUSDAppIntents( ::  :: /System/Library/ExtensionKit/Extensions/USDAppIntents.appex
com.apple.PlatformSSOToken ::  :: /System/Library/ExtensionKit/Extensions/PlatformSSOToken.appex
com.apple.DiagnosticExtensions.sysdiagnose ::  :: /System/Library/PrivateFrameworks/DiagnosticExtensions.framework/PlugIns/com.apple.DiagnosticExtensions.sysdiagnose.appex
com.apple.CalendarWidget.IntentsExtension ::  :: /System/Library/PrivateFrameworks/CalendarWidget.framework/PlugIns/IntentsExtension.appex
com.apple.inputmethod.Kotoeri.RomajiTyping ::  :: /System/Library/Input Methods/JapaneseIM-RomajiTyping.app/Contents/PlugIns/JapaneseIM-RomajiTyping.appex
com.apple.osx-tailspin ::  :: /System/Library/PrivateFrameworks/DiagnosticExtensions.framework/PlugIns/osx-tailspin.appex
com.apple.STMExtension.AppleInternal ::  :: /System/Library/PrivateFrameworks/StorageManagement.framework/PlugIns/AppleInternalStorageExtension.appex
com.apple.siri.metrics.DevicePropertiesExtension( ::  :: /System/Library/ExtensionKit/Extensions/DevicePropertiesExtension.appex
com.apple.HydraQLPreviewExtension ::  :: /System/Library/PrivateFrameworks/Hydra.framework/Plugins/HydraQLPreviewExtension.appex
com.apple.BluetoothSettingsApp.BluetoothSettingsAppIntentsWidget ::  :: /System/Library/ExtensionKit/Extensions/BluetoothSettingsAppIntentsWidgetExtension.appex
com.apple.Home.HomeWidgetIntentsExtension( ::  :: /System/iOSSupport/System/Library/ExtensionKit/Extensions/HomeWidgetIntentsExtension.appex
com.apple.Arabesque ::  :: /System/Library/ExtensionKit/Extensions/Arabesque.appex
com.apple.CloudDocsDaemon.StorageManagement ::  :: /System/Library/PrivateFrameworks/iCloudDriveCore.framework/PlugIns/CloudDocsStorageManagement.appex
com.apple.ScreenSaver.Ventura ::  :: /System/Library/ExtensionKit/Extensions/Ventura.appex
com.apple.ExtensionsSettings.LegacyPluginEnablementExtension( ::  :: /System/Library/ExtensionKit/Extensions/LegacyPluginEnablement.appex
com.apple.UIUnderstanding.diagnosticextension ::  :: /System/Library/PrivateFrameworks/UIUnderstanding.framework/PlugIns/UIUnderstanding.diagnosticextension.appex
com.apple.ax.MauiTTSSupport.MauiAUSP ::  :: /System/iOSSupport/System/Library/ExtensionKit/Extensions/MauiAUSP.appex
com.apple.reminders.spotlightindexextension ::  :: /System/Applications/Reminders.app/Contents/PlugIns/RemindersSpotlightIndexExtension.appex
com.apple.NetworkInfo.DiagnosticExtension ::  :: /System/Library/PrivateFrameworks/NetworkInfo.framework/PlugIns/NetworkInfoDiagnosticExtension.appex
com.apple.aiml.mlpt.FedStats.MLHostPlugin( ::  :: /System/Library/ExtensionKit/Extensions/FedStatsMLHostPlugin.appex
com.apple.TranslationUIServices.TranslationUIService ::  :: /System/Library/PrivateFrameworks/TranslationUIServices.framework/PlugIns/TranslationUIService.appex
com.apple.podcasts.widget ::  :: /System/Applications/Podcasts.app/Contents/PlugIns/PodcastsWidget.appex
com.apple.AppleAccountUI.AAUIFollowUpExtension ::  :: /System/Library/PrivateFrameworks/AppleAccountUI.framework/PlugIns/AAUIFollowUpExtension_macOS.appex
com.apple.mobileslideshow.photospicker ::  :: /System/Library/ExtensionKit/Extensions/PhotosPicker.appex
com.apple.settings-intents.UsersGroupsIntents ::  :: /System/Library/ExtensionKit/Extensions/UsersGroupsIntentsExtension.appex
com.apple.siri.SiriTimeInternal.TimerIntentsExtension ::  :: /System/Library/PrivateFrameworks/SiriTimeInternal.framework/PlugIns/TimerIntentsExtension.appex
com.apple.ImagePlayground.NonUIExtension( ::  :: /System/Library/ExtensionKit/Extensions/GPNonUIExtension.appex
com.apple.AppleMediaServicesUI.UtilityExtension( ::  :: /System/Library/PrivateFrameworks/AppleMediaServicesUI.framework/PlugIns/UtilityExtension.appex
com.apple.Safari.DiagnosticExtension ::  :: /System/Volumes/Preboot/Cryptexes/App/System/Applications/Safari.app/Contents/PlugIns/DiagnosticExtension.appex
com.apple.Spotlight-Settings.extension ::  :: /System/Library/CoreServices/Spotlight.app/Contents/Extensions/SpotlightPreferenceExtension.appex
com.apple.dock.controls ::  :: /System/Library/CoreServices/Dock.app/Contents/PlugIns/DockControls.appex
com.apple.WorkflowUI.CatalystContentExtension ::  :: /System/iOSSupport/System/Library/PrivateFrameworks/WorkflowUI.framework/PlugIns/CatalystContentExtension.appex
com.apple.diagnosticextensions.osx.syslog ::  :: /System/Library/PrivateFrameworks/DiagnosticExtensions.framework/PlugIns/osx-Syslog.appex
com.apple.messages.ReplyExtension ::  :: /System/Applications/Messages.app/Contents/PlugIns/Messages Reply Extension.appex
com.apple.Safari.SafariQuickLookPreview ::  :: /System/Volumes/Preboot/Cryptexes/App/System/Applications/Safari.app/Contents/PlugIns/SafariQuickLookPreview.appex
com.apple.settings-intents.TransferResetIntents ::  :: /System/Library/ExtensionKit/Extensions/TransferResetIntentsExtension.appex
com.apple.dt.DVTProvisioningProfileQuicklookExtension ::  :: /Applications/Xcode.app/Contents/PlugIns/ProvisoningProfileQuicklookExtension.appex
com.apple.reminders.quicklookextension ::  :: /System/Applications/Reminders.app/Contents/PlugIns/RemindersQuickLookExtension.appex
com.apple.HydraQLThumbnailExtension ::  :: /System/Library/PrivateFrameworks/Hydra.framework/Plugins/HydraQLThumbnailExtension.appex
com.apple.gamecenter.GameCenterUIService.GameCenterMessageExtension ::  :: /System/Library/ExtensionKit/Extensions/GameCenterMessageExtension.appex
com.apple.Stickers.UserGenerated.MessagesExtension ::  :: /System/iOSSupport/System/Library/PrivateFrameworks/AvatarUI.framework/PlugIns/StickersUltraExtension.appex
com.apple.DiagnosticExtensions.HomeEnergyDiagnosticExtension ::  :: /System/Library/PrivateFrameworks/DiagnosticExtensions.framework/PlugIns/HomeEnergyDiagnosticExtension.appex
com.apple.Notes.SpotlightIndexExtension ::  :: /System/Applications/Notes.app/Contents/PlugIns/com.apple.Notes.SpotlightIndexExtension.appex
com.apple.ScreenSaver.Hello ::  :: /System/Library/ExtensionKit/Extensions/Hello.appex
com.apple.Passwords-Settings.extension( ::  :: /System/Volumes/Preboot/Cryptexes/App/System/Library/CoreServices/PasswordsSettingsExtension.appex
com.apple.DiagnosticExtensions.IMDiagnosticExtension ::  :: /System/Library/PrivateFrameworks/DiagnosticExtensions.framework/PlugIns/IMDiagnosticExtension.appex
com.apple.generativeassistanttools.GenerativeAssistantExtension( ::  :: /System/Library/ExtensionKit/Extensions/GenerativeAssistantExtension.appex
com.apple.inputmethod.TCIM ::  :: /System/Library/Input Methods/TCIM.app/Contents/PlugIns/TCIM_Extension.appex
com.apple.NewDeviceOutreach.NewDeviceOutreachIntents( ::  :: /System/Library/ExtensionKit/Extensions/NewDeviceOutreachIntents_macOS.appex
com.apple.findmy.FindMyWidgetItems ::  :: /System/Applications/FindMy.app/Contents/PlugIns/FindMyWidgetItems.appex
com.apple.findmy.FindMyWidgetPeople ::  :: /System/Applications/FindMy.app/Contents/PlugIns/FindMyWidgetPeople.appex
com.apple.Translation.TranslationAPISupportExtension( ::  :: /System/Library/ExtensionKit/Extensions/TranslationAPISupportExtension.appex
com.apple.dt.DVTFeedbackReporting.DVTFeedbackReportingDiagnosticExtension ::  :: /Applications/Xcode.app/Contents/PlugIns/DVTFeedbackReportingDiagnosticExtension.appex
com.apple.PDFKit.PDFImporter ::  :: /System/Library/Frameworks/PDFKit.framework/Versions/A/Plugins/PDFImporter.appex
com.apple.STMExtension.GarageBand ::  :: /System/Library/PrivateFrameworks/StorageManagement.framework/PlugIns/GarageBandStorageExtension.appex
com.apple.lighthouse.PnROnDeviceWorker( ::  :: /System/Library/ExtensionKit/Extensions/PnROnDeviceWorker.appex
com.apple.notifications.NotificationsSettingsIntents ::  :: /System/Library/ExtensionKit/Extensions/NotificationsSettingsIntents.appex
com.apple.Home.HomeWidget.Interactive ::  :: /System/Applications/Home.app/Contents/PlugIns/HomeWidget.appex
com.apple.BiometricsAndPasswordSettingsAppIntentsExtension( ::  :: /System/Library/ExtensionKit/Extensions/BiometricsAndPasswordSettingsAppIntentsExtension.appex
com.apple.MobileAddressBook.RemoteCatalystPosterExtension( ::  :: /System/Library/ExtensionKit/Extensions/RemoteCatalystPosterExtension.appex
com.apple.Screen-Time-Settings.extension ::  :: /System/Library/ExtensionKit/Extensions/ScreenTimePreferencesExtension.appex
com.apple.LighthouseBitacoraFramework.BitacoraWorker( ::  :: /System/Library/ExtensionKit/Extensions/BitacoraWorker.appex
com.apple.CoreHapticsTools.QLPreviewExtension ::  :: /System/Library/PrivateFrameworks/CoreHapticsTools.framework/PlugIns/HapticsQLPreviewExtension.appex
com.apple.NetworkExtension.IKEv2Provider ::  :: /System/Library/Frameworks/NetworkExtension.framework/PlugIns/NEIKEv2Provider.appex
com.apple.Photos.StorageManagementExtension ::  :: /System/Applications/Photos.app/Contents/PlugIns/PhotosStorageExtension.appex
com.apple.Photos.PhotosReliveWidget ::  :: /System/Applications/Photos.app/Contents/PlugIns/PhotosReliveWidget.appex
com.apple.DiagnosticExtensions.StorageDESSD ::  :: /System/Library/ExtensionKit/Extensions/StorageDESSD.appex
com.apple.HomeKitEvents.HomeKitEventsDiagnosticExtension ::  :: /System/Library/PrivateFrameworks/HomeKitEvents.framework/PlugIns/HomeKitEventsDiagnosticExtension.appex
com.apple.news.engagementExtension ::  :: /System/Applications/News.app/Contents/PlugIns/NewsEngagementExtension.appex
com.apple.preferences.sharing.SharingPrefsExtension ::  :: /System/Library/PrivateFrameworks/AMPSharing.framework/Versions/A/PlugIns/SharingPrefsExtension.appex
com.apple.iCal.CalendarNotificationContentExtention-OSX ::  :: /System/Applications/Calendar.app/Contents/PlugIns/CalendarNotificationContentExtension_OSX.appex
com.apple.PeopleMessageService.LegacyMessageService ::  :: /System/Library/CoreServices/PeopleMessageService.app/Contents/Extensions/PeopleLegacyMessageService.appex
com.apple.TV.TVCacheExtension ::  :: /System/Applications/TV.app/Contents/PlugIns/TVCacheExtension.appex
com.apple.AskToExtension( ::  :: /System/Library/ExtensionKit/Extensions/AskToExtension.appex
com.apple.HomeAppIntentsExtension( ::  :: /System/Library/ExtensionKit/Extensions/HomeAppIntentsExtension.appex
com.apple.PeopleViewService.SelectPerson-iOS ::  :: /System/Library/CoreServices/PeopleViewService.app/Contents/PlugIns/SelectPerson_iOS.appex
com.apple.eventkit.CalendarDiagnosticExtension ::  :: /System/Library/Frameworks/EventKit.framework/PlugIns/CalendarDiagnosticExtension.appex
com.apple.siriplugin.FileSearch ::  :: /System/Library/CoreServices/Finder.app/Contents/PlugIns/FileSearch.appex
com.apple.WindowManager.controls ::  :: /System/Library/CoreServices/WindowManager.app/Contents/PlugIns/WindowManagerControlsExtension.appex
com.apple.settings-intents.AppearanceIntents ::  :: /System/Library/ExtensionKit/Extensions/AppearanceIntentsExtension.appex
com.apple.aiml.UnilogTelemetryWorker( ::  :: /System/Library/ExtensionKit/Extensions/UnilogTelemetryWorker.appex
com.apple.GameCenter.Settings.DeviceExpertExtension( ::  :: /System/Library/ExtensionKit/Extensions/GameCenterSettingsDeviceExpertExtension.appex
com.apple.PDFKit.PDFExtensionView ::  :: /System/iOSSupport/System/Library/Frameworks/PDFKit.framework/PlugIns/com.apple.PDFKit.PDFExtensionView.appex
com.apple.lighthouse.IFTranscriptSELFIngestor( ::  :: /System/Library/ExtensionKit/Extensions/IFTranscriptSELFIngestor.appex
com.apple.journal.widgets ::  :: /System/Applications/Journal.app/Contents/PlugIns/JournalWidgets.appex
com.apple.share.System.set-desktop-image ::  :: /System/Library/PrivateFrameworks/ShareKit.framework/Versions/A/PlugIns/SystemSetDesktopImage.appex
com.apple.wallpaper.extension.sonoma( ::  :: /System/Library/ExtensionKit/Extensions/WallpaperSonomaExtension.appex
com.apple.MarkupUI.Markup ::  :: /System/Library/PrivateFrameworks/MarkupUI.framework/PlugIns/Markup.appex
com.apple.PassKit.PaymentAuthorizationUIExtension ::  :: /System/Library/Frameworks/PassKit.framework/PlugIns/com.apple.PassKit.PaymentAuthorizationUIExtension.appex
com.apple.replayKit.RPVideoEditorExtension-macOS ::  :: /System/Library/PrivateFrameworks/ReplayKitMacHelper.framework/PlugIns/RPVideoEditorExtension_macOS.appex
com.apple.MailShareExtension ::  :: /System/Applications/Mail.app/Contents/PlugIns/MailShareExtension.appex
com.apple.diagnosticextensions.osx.timemachine ::  :: /System/Library/PrivateFrameworks/DiagnosticExtensions.framework/PlugIns/osx-timemachine.appex
com.apple.CryptoTokenKit.ctkcard.ctkcardtoken ::  :: /System/Library/Frameworks/CryptoTokenKit.framework/PlugIns/ctkcardtoken.appex
com.apple.messages.ShareExtension ::  :: /System/Applications/Messages.app/Contents/PlugIns/Messages Share Extension.appex
com.apple.systempreferences.InternationalSettingsExtension( ::  :: /System/Library/ExtensionKit/Extensions/InternationalSettingsExtension.appex
com.apple.Safari.SafariWidgetExtension ::  :: /System/Volumes/Preboot/Cryptexes/App/System/Applications/Safari.app/Contents/Extensions/SafariWidgetExtension.appex
com.apple.STMExtension.Applications ::  :: /System/Library/PrivateFrameworks/StorageManagement.framework/PlugIns/ApplicationsStorageExtension.appex
com.apple.transcriptBackgroundPoster.DynamicExtension( ::  :: /System/Library/ExtensionKit/Extensions/DynamicBackgroundPosterExtension.appex
com.apple.AvatarUI.AvatarPosterExtension( ::  :: /System/iOSSupport/System/Library/PrivateFrameworks/ExtensionKit/Extensions/AvatarPosterExtension.appex
com.apple.CoreEmbeddedSpeechRecognition.SpeechAudioDiagnostic ::  :: /System/Library/PrivateFrameworks/CoreEmbeddedSpeechRecognition.framework/PlugIns/SpeechAudioDiagnostic.appex
com.apple.helpviewer.HelpViewer-Quicklook ::  :: /System/Applications/Tips.app/Contents/PlugIns/HelpViewer-Quicklook.appex
com.apple.TelephonyUtilities.PhoneIntentHandler ::  :: /System/Library/PrivateFrameworks/TelephonyUtilities.framework/PlugIns/PhoneIntentHandler.appex
com.apple.news.openinnews ::  :: /System/Applications/News.app/Contents/PlugIns/OpenInNews.appex
com.apple.contacts.ContactsCoreSpotlightExtension ::  :: /System/Library/Frameworks/Contacts.framework/PlugIns/ContactsCoreSpotlightExtension.appex
com.apple.Time-Machine-Settings-Intents.extension ::  :: /System/Library/ExtensionKit/Extensions/TimeMachineSettingsIntents.appex
com.apple.networkquality.DiagnosticExtension ::  :: /System/Library/PrivateFrameworks/NetworkQuality.framework/PlugIns/NetworkQualityDiagnostic.appex
com.apple.DiagnosticExtensions.ToolKit.shortcuts ::  :: /System/Library/PrivateFrameworks/DiagnosticExtensions.framework/PlugIns/ToolKitDiagnosticExtension.appex
com.apple.sharing.ShareSheetUI ::  :: /System/Library/PrivateFrameworks/ShareKit.framework/Versions/A/PlugIns/ShareSheetUI.appex
com.apple.lighthouse.InferenceExtension( ::  :: /System/Library/ExtensionKit/Extensions/InferenceExtension.appex
com.apple.systempreferences.AppleIDSettings ::  :: /System/Library/ExtensionKit/Extensions/AppleIDSettings.appex
com.apple.ManagedSettings.ManagedSettingsMacOSExtension ::  :: /System/Library/CoreServices/ManagedClient.app/Contents/PlugIns/ManagedSettingsMacOSExtension.appex
com.apple.extensionkit.AppExtensionManagement ::  :: /System/Library/ExtensionKit/Extensions/AppExtensionManagement.appex
com.apple.iBooksX.DiskSpaceEfficiency ::  :: /System/Applications/Books.app/Contents/PlugIns/BooksStorageExtension.appex
com.apple.PaperKit.extension.ui( ::  :: /System/Library/ExtensionKit/Extensions/PaperKitExtension.appex
com.apple.CryptoTokenKit.pivtoken ::  :: /System/Library/Frameworks/CryptoTokenKit.framework/PlugIns/pivtoken.appex
com.apple.lighthouse.IFTelemetrySELFIngestor( ::  :: /System/Library/ExtensionKit/Extensions/IFTelemetrySELFIngestor.appex
com.apple.AskToViewExtension( ::  :: /System/iOSSupport/System/Library/ExtensionKit/Extensions/AskToViewExtension.appex
com.apple.news.widget ::  :: /System/Applications/News.app/Contents/PlugIns/NewsToday2.appex
com.apple.share.System.set-account-picture ::  :: /System/Library/PrivateFrameworks/ShareKit.framework/Versions/A/PlugIns/SystemSetAccountPicture.appex
com.apple.reminders.macOSIntentsExtension ::  :: /System/Applications/Reminders.app/Contents/PlugIns/RemindersIntentsExtension.appex
com.apple.STMExtension.Mail ::  :: /System/Applications/Mail.app/Contents/PlugIns/MailStorageManagement.appex
com.apple.inputmethod.ChineseHandwriting ::  :: /System/Library/Input Methods/TrackpadIM.app/Contents/PlugIns/TIM_Extension.appex
com.google.drivefs.finderhelper.findersync ::  :: /Applications/Google Drive.app/Contents/Applications/FinderHelper.app/Contents/PlugIns/FinderSyncExtension.appex
com.apple.siri.OnDeviceAnalytics.SiriAttentionAndInvocationExtension( ::  :: /System/Library/ExtensionKit/Extensions/SiriAttentionAndInvocationExtension.appex
com.apple.Sound-Settings.SoundIntents ::  :: /System/Library/ExtensionKit/Extensions/SoundIntentsExtension.appex
com.apple.ContactsUI.ContactsViewService ::  :: /System/iOSSupport/System/Library/Frameworks/ContactsUI.framework/PlugIns/ContactsViewService.appex
com.apple.lighthouse.SiriCoreMetricsWorker( ::  :: /System/Library/ExtensionKit/Extensions/SiriCoreMetricsWorker.appex
com.apple.Spotlight-Settings.extension ::  :: /System/Library/ExtensionKit/Extensions/SpotlightPreferenceExtension.appex
com.apple.siri.metrics.AssetMetricsExtension( ::  :: /System/Library/ExtensionKit/Extensions/AssetMetricsExtension.appex
com.apple.mobiletimer-framework.MobileTimerIntents ::  :: /System/Library/PrivateFrameworks/MobileTimer.framework/PlugIns/MobileTimerIntents.appex
com.apple.controls.screenshot ::  :: /System/Applications/Utilities/Screenshot.app/Contents/PlugIns/ScreenshotControls.appex
com.apple.STMExtension.OtherUsers ::  :: /System/Library/PrivateFrameworks/StorageManagement.framework/PlugIns/OtherUsersStorageExtension.appex
com.apple.ClassroomDeviceExpert( ::  :: /System/Library/ExtensionKit/Extensions/ClassroomDeviceExpert.appex
com.apple.weather.diagnosticextension ::  :: /System/Applications/Weather.app/Contents/PlugIns/WeatherDiagnosticExtension.appex
com.apple.wallpaper.extension.monterey( ::  :: /System/Library/ExtensionKit/Extensions/WallpaperMontereyExtension.appex
com.apple.Animoji.StickersApp.MessagesExtension ::  :: /System/iOSSupport/System/Library/PrivateFrameworks/AvatarUI.framework/PlugIns/AnimojiStickersExtension.appex
com.apple.siri.SiriTTSService.STSDiagnostic ::  :: /System/Library/PrivateFrameworks/SiriTTSService.framework/PlugIns/STSDiagnostic.appex
com.apple.VoiceMemos.SpotlightIndexExtension ::  :: /System/Applications/VoiceMemos.app/Contents/PlugIns/com.apple.VoiceMemos.SpotlightIndexExtension.appex
com.apple.Notes.QuickLookExtension ::  :: /System/Applications/Notes.app/Contents/PlugIns/com.apple.Notes.QuickLookExtension.appex
com.apple.icloud.apps.messages.business.extension ::  :: /System/iOSSupport/System/Library/Frameworks/BusinessChat.framework/PlugIns/Business.appex
com.apple.DiagnosticExtensions.ConnectivityDE ::  :: /System/Library/PrivateFrameworks/DiagnosticExtensions.framework/PlugIns/ConnectivityDE.appex
com.google.drivefs.fpext ::  :: /Applications/Google Drive.app/Contents/PlugIns/DFSFileProviderExtension.appex
com.apple.GenerativePlaygroundApp.remoteUIExtension( ::  :: /System/Library/ExtensionKit/Extensions/GPUIExtension.appex
com.apple.PeopleMessageService.AskToBuy ::  :: /System/Library/CoreServices/PeopleMessageService.app/Contents/PlugIns/PeopleMessagesAskToBuy.appex
com.apple.preferencepane.security.AdvertisingExtension ::  :: /System/Library/PrivateFrameworks/PreferencePanesSupport.framework/PlugIns/AdvertisingExtension.appex
com.apple.DiagnosticExtensions.BluetoothHeadset ::  :: /System/Library/PrivateFrameworks/DiagnosticExtensions.framework/PlugIns/BluetoothHeadset.appex
com.apple.screensaver.AlbumArtwork ::  :: /System/Library/ExtensionKit/Extensions/Album Artwork.appex
com.apple.Home.HomeAppMessagesExtension ::  :: /System/Applications/Home.app/Contents/PlugIns/HomeAppMessagesExtension.appex
com.apple.wallpaper.extension.sequoia( ::  :: /System/Library/ExtensionKit/Extensions/WallpaperSequoiaExtension.appex
com.apple.CloudDocs.iCloudDriveFileProviderManaged ::  :: /System/Library/PrivateFrameworks/CloudDocs.framework/PlugIns/com.apple.CloudDocs.iCloudDriveFileProviderManaged.appex
com.apple.WatchFaceAlert.ThumbnailExtension ::  :: /System/Library/CoreServices/WatchFaceAlert.app/Contents/PlugIns/WatchFaceMacThumbnailExtension.appex
com.apple.mail.MailNotificationContentExtension ::  :: /System/Applications/Mail.app/Contents/PlugIns/MailNotificationContentExtension.appex
com.microsoft.onenote.mac.shareextension ::  :: /Applications/Microsoft OneNote.app/Contents/PlugIns/OneNoteShareExtension_Mac.appex
com.apple.OFDPreview ::  :: /System/Library/Frameworks/Quartz.framework/Versions/A/Frameworks/ImageKit.framework/Versions/A/PlugIns/OFD_Preview.appex
com.apple.CloudSharingUI.invite ::  :: /System/Library/PrivateFrameworks/CloudSharingUI.framework/Versions/A/PlugIns/CloudSharingUISKExtension.appex
com.apple.siri.ODDIPoirotExperimentationExtension( ::  :: /System/Library/ExtensionKit/Extensions/ODDIPoirotExperimentationExtension.appex
com.apple.AuthKit.AKDiagnosticExtension ::  :: /System/Library/PrivateFrameworks/AuthKit.framework/PlugIns/AKDiagnosticExtension.appex
com.apple.FaceTime.RemotePeoplePicker ::  :: /System/Applications/Phone.app/Contents/PlugIns/RemotePeoplePicker.appex
com.apple.iCal.FaceTimeExtension ::  :: /System/Applications/Calendar.app/Contents/PlugIns/FaceTimeExtension.appex
com.apple.messages.AssistantExtension ::  :: /System/Applications/Messages.app/Contents/PlugIns/Messages Assistant Extension.appex
com.apple.AppleMediaServicesUI.ComposeReviewExtension( ::  :: /System/Library/ExtensionKit/Extensions/ComposeReviewExtension.appex
com.apple.Music.MusicCacheExtension ::  :: /System/Applications/Music.app/Contents/PlugIns/MusicCacheExtension.appex
com.apple.ClassKit-Settings.extension ::  :: /System/Library/ExtensionKit/Extensions/ClassKitSettings.appex
com.apple.weather.WeatherIntents ::  :: /System/Applications/Weather.app/Contents/PlugIns/WeatherIntents.appex
com.apple.settings-intents.AirDropHandoffIntents ::  :: /System/Library/ExtensionKit/Extensions/AirDropHandoffIntentsExtension.appex
com.apple.shortcuts.QuickLookExtension ::  :: /System/Applications/Shortcuts.app/Contents/PlugIns/QuickLookExtension.appex
com.apple.news.widgetintents ::  :: /System/Applications/News.app/Contents/PlugIns/NewsTodayIntents.appex
com.apple.fskit.ftp( ::  :: /System/Library/ExtensionKit/Extensions/com.apple.fskit.ftp.appex
com.apple.speech.MacinTalkFramework.WardaSynthesizer ::  :: /System/Library/PrivateFrameworks/MacinTalk.framework/PlugIns/WardaSynthesizer.appex
com.apple.ScreenSaver.Computer-Name ::  :: /System/Library/ExtensionKit/Extensions/Computer Name.appex
com.apple.fskit.exfat( ::  :: /System/Library/ExtensionKit/Extensions/com.apple.fskit.exfat.appex
com.apple.PeopleViewService.PeopleWidget-macOS ::  :: /System/Library/CoreServices/PeopleViewService.app/Contents/PlugIns/PeopleWidget_macOSExtension.appex
com.apple.CoreHapticsTools.QLThumbnailExtension ::  :: /System/Library/PrivateFrameworks/CoreHapticsTools.framework/PlugIns/HapticsQLThumbnailExtension.appex
com.apple.siri.metrics.MetricsExtension( ::  :: /System/Library/ExtensionKit/Extensions/MetricsExtension.appex
com.apple.weather.widget ::  :: /System/Applications/Weather.app/Contents/PlugIns/WeatherWidget.appex
com.apple.wallpaper.extension.dynamic( ::  :: /System/Library/ExtensionKit/Extensions/WallpaperDynamicExtension.appex
com.apple.wifiqa.NPTKit.NPTWiFiDiagnosticsExtension ::  :: /System/Library/PrivateFrameworks/NPTKit.framework/PlugIns/NPTWiFiDiagnosticsExtension_macOS.appex
com.apple.GenerativePlaygroundApp.remoteUIExtension( ::  :: /System/iOSSupport/System/Library/ExtensionKit/Extensions/GPUIExtension.appex
com.apple.ScreenTimeSwift.ScreenTimeDeviceActivityMonitorExtension ::  :: /System/Library/PrivateFrameworks/ScreenTimeSwift.framework/Versions/A/PlugIns/ScreenTimeDeviceActivityMonitorExtension.appex
com.apple.dt.Instruments.InstrumentsShareExtension ::  :: /Applications/Xcode.app/Contents/Applications/Instruments.app/Contents/PlugIns/InstrumentsShareExtension.appex
com.apple.intelligenceflow.IntelligenceFlowRuntime.IntelligenceFlowDiagnostics ::  :: /System/Library/PrivateFrameworks/IntelligenceFlowRuntime.framework/Versions/A/IntelligenceFlowDiagnostics.appex
com.apple.batteryui.BatterySettingsIntents ::  :: /System/Library/ExtensionKit/Extensions/BatterySettingsIntentsExtension.appex
com.apple.diagnosticextensions.osx.spotlight ::  :: /System/Library/PrivateFrameworks/DiagnosticExtensions.framework/PlugIns/osx-spotlight.appex
com.apple.ax.KonaTTSSupport.KonaSynthesizer ::  :: /System/iOSSupport/System/Library/ExtensionKit/Extensions/KonaSynthesizer.appex
com.apple.systempreferences.SpotlightIndexExtension ::  :: /System/Applications/System Settings.app/Contents/PlugIns/csimporter.appex
com.apple.shortcuts.ShortcutLiveActivityWidget ::  :: /System/Applications/Shortcuts.app/Contents/PlugIns/ShortcutLiveActivityWidgetExtension.appex
com.apple.AppStoreDaemon.ASDAskPermissionExtension ::  :: /System/Library/PrivateFrameworks/AppStoreDaemon.framework/PlugIns/ASDAskPermissionExtension.appex
com.apple.freeform.USDRendererExtension ::  :: /System/Applications/Freeform.app/Contents/Extensions/USDRendererExtension.appex
com.apple.IconComposerThumbnailExtension ::  :: /Applications/Xcode.app/Contents/Applications/Icon Composer.app/Contents/PlugIns/Icon Composer Thumbnail.appex
com.apple.Home.HomeEnergyWidgets ::  :: /System/Applications/Home.app/Contents/PlugIns/HomeEnergyWidgetsExtension.appex
com.apple.CloudDocs.iCloudDriveFileProvider ::  :: /System/Library/PrivateFrameworks/CloudDocs.framework/PlugIns/com.apple.CloudDocs.iCloudDriveFileProvider.appex
com.apple.share.Messages.window ::  :: /System/Library/PrivateFrameworks/ShareKit.framework/Versions/A/PlugIns/ShareMessages.appex
com.apple.family.FamilyIntents( ::  :: /System/Library/ExtensionKit/Extensions/FamilyIntents.appex
com.apple.wallpaper.agent.WallpaperIntents ::  :: /System/Library/CoreServices/WallpaperAgent.app/Contents/PlugIns/WallpaperIntents.appex
com.apple.TextToSpeechVoiceBankingSupport.VoiceBankingDiagnostics ::  :: /System/Library/PrivateFrameworks/TextToSpeechVoiceBankingSupport.framework/PlugIns/VoiceBankingDiagnostics.appex
com.apple.PressAndHold ::  :: /System/Library/Input Methods/PressAndHold.app/Contents/PlugIns/PAH_Extension.appex
com.microsoft.Powerpoint.widgetextension ::  :: /Applications/Microsoft PowerPoint.app/Contents/PlugIns/PowerPointWidget_mac.appex
com.apple.aiml.mlpt.FedStats.MLHostPluginClassA( ::  :: /System/Library/ExtensionKit/Extensions/FedStatsMLHostPluginClassA.appex
com.apple.siri.car.PnRCarPlayOnDeviceWorker( ::  :: /System/Library/ExtensionKit/Extensions/PnRCarPlayOnDeviceWorker.appex
com.apple.Coverage-Settings.extension ::  :: /System/Library/ExtensionKit/Extensions/CoverageSettings.appex
com.todoist.mac.Todoist.TodoistShare ::  :: /Applications/Todoist.app/Contents/PlugIns/TodoistShare.appex
com.apple.reminders.WidgetExtension ::  :: /System/Applications/Reminders.app/Contents/PlugIns/RemindersWidgetExtension.appex
com.apple.CloudSharingUI.CopyLink ::  :: /System/Library/PrivateFrameworks/CloudSharingUI.framework/Versions/A/PlugIns/CopyLinkShareKitExtension.appex
com.apple.clock.WorldClockWidget ::  :: /System/Applications/Clock.app/Contents/PlugIns/WorldClockWidget.appex
com.apple.MobileSMS.MessagesPluginNotificationExtension ::  :: /System/Applications/Messages.app/Contents/PlugIns/MessagesPluginNotificationExtension.appex
com.apple.mail.SpotlightIndexExtension ::  :: /System/Applications/Mail.app/Contents/PlugIns/com.apple.mail.SpotlightIndexExtension.appex
com.apple.contacts.ContactsAppIntentsExtension( ::  :: /System/Library/ExtensionKit/Extensions/ContactsAppIntentsExtension.appex
com.apple.diagnosticextensions.osx.installlog ::  :: /System/Library/PrivateFrameworks/DiagnosticExtensions.framework/PlugIns/osx-Installlog.appex
com.apple.share.Mail.compose ::  :: /System/Library/PrivateFrameworks/ShareKit.framework/Versions/A/PlugIns/ShareMail.appex
com.apple.controls.display ::  :: /System/Library/CoreServices/ControlCenter.app/Contents/PlugIns/DisplayControls.appex
com.apple.AuthKitUI.AKAppSSOExtension ::  :: /System/Library/PrivateFrameworks/AuthKitUI.framework/PlugIns/AKAppSSOExtension_macOS.appex
com.apple.mail.MailQuickLookExtension ::  :: /System/Applications/Mail.app/Contents/PlugIns/MailQuickLookExtension.appex
io.tailscale.ipn.macos.share-extension ::  :: /Applications/Tailscale.app/Contents/PlugIns/ShareExtension.appex
com.apple.systempreferences.DisplaysSettingsIntents ::  :: /System/Library/ExtensionKit/Extensions/DisplaysSettingsIntentsExtension.appex
com.apple.inputmethod.EmojiFunctionRowItem ::  :: /System/Library/Input Methods/EmojiFunctionRowIM.app/Contents/PlugIns/EmojiFunctionRowIM_Extension.appex
com.apple.mlhost.TelemetryWorker( ::  :: /System/Library/ExtensionKit/Extensions/com.apple.mlhost.TelemetryWorker.appex
com.apple.news.tag ::  :: /System/Applications/News.app/Contents/PlugIns/NewsTag.appex
com.apple.findmy.FindMyNotificationsServiceExtension ::  :: /System/Applications/FindMy.app/Contents/PlugIns/FindMyNotificationsService.appex
com.apple.VoiceMemos.VoiceMemosSettingsWidget ::  :: /System/Applications/VoiceMemos.app/Contents/PlugIns/VoiceMemosSettingsWidgetExtension.appex
com.apple.family.FAFollowupExtension ::  :: /System/Library/PrivateFrameworks/FamilyCircleUI.framework/PlugIns/FAFollowupExtension_macOS.appex
com.apple.OFDThumbnail ::  :: /System/Library/Frameworks/Quartz.framework/Versions/A/Frameworks/ImageKit.framework/Versions/A/PlugIns/OFD_Thumbnail.appex
com.apple.siri.ODDIExperimentationExtension( ::  :: /System/Library/ExtensionKit/Extensions/ODDIExperimentationExtension.appex
com.apple.systempreferences.AboutSettingsIntents( ::  :: /System/Library/ExtensionKit/Extensions/AboutSettingsIntents.appex
com.apple.ScreenSaver.Engine.legacyScreenSaver.x86-64 ::  :: /System/Library/Frameworks/ScreenSaver.framework/PlugIns/legacyScreenSaver-x86_64.appex
com.readdle.CalendarsLite.WidgetExtension ::  :: /Applications/Calendars.app/Contents/PlugIns/LiteWidgetExtension.appex
com.apple.ContactsUI.ContactViewViewService ::  :: /System/iOSSupport/System/Library/Frameworks/ContactsUI.framework/PlugIns/ContactViewViewService.appex
com.apple.Music.MusicStorageExtension ::  :: /System/Applications/Music.app/Contents/PlugIns/MusicStorageExtension.appex
com.apple.ImagePlayground.DiagnosticExtension ::  :: /System/Library/Frameworks/ImagePlayground.framework/Versions/A/PlugIns/com.apple.ImagePlayground.DiagnosticExtension.appex
com.apple.intelligenceplatform.IntelligencePlatform.IntelligencePlatformDataActionsAppIntentsExtension( ::  :: /System/Library/ExtensionKit/Extensions/IntelligencePlatformDataActionsAppIntentsExtension.appex
com.apple.ClassKit.diagnosticextension ::  :: /System/Library/Frameworks/ClassKit.framework/PlugIns/ClassKitDiagnosticExtension.appex
com.apple.systempreferences.GeneralSettings ::  :: /System/Applications/System Settings.app/Contents/PlugIns/GeneralSettings.appex
com.apple.inputmethod.TransliterationIM ::  :: /System/Library/Input Methods/TransliterationIM.app/Contents/PlugIns/TransliterationIM_Extension.appex
com.apple.MediaRemoteAppIntentsExtension( ::  :: /System/Library/ExtensionKit/Extensions/MediaRemoteAppIntentsExtension.appex
com.apple.siri.GMSSELFIngestor( ::  :: /System/Library/ExtensionKit/Extensions/GMSSELFIngestor.appex
com.apple.settings-intents.NetworkSettingsIntents( ::  :: /System/Library/ExtensionKit/Extensions/NetworkSettingsIntents.appex
com.apple.WorkflowUI.WidgetConfigurationExtension ::  :: /System/iOSSupport/System/Library/PrivateFrameworks/WorkflowUI.framework/PlugIns/WidgetConfigurationExtension.appex
com.apple.settings-intents.LoginItemsIntents ::  :: /System/Library/ExtensionKit/Extensions/LoginItemsIntentsExtension.appex
com.apple.intelligenceplatform.IntelligencePlatform.DiagnosticExtension ::  :: /System/Library/PrivateFrameworks/IntelligencePlatform.framework/PlugIns/DiagnosticExtension.appex
com.apple.SiriMetrics.SiriTurnRestatementExtension( ::  :: /System/Library/ExtensionKit/Extensions/SiriTurnRestatementExtension.appex
com.apple.Safari.SafariLinkExtension ::  :: /System/Volumes/Preboot/Cryptexes/App/System/Applications/Safari.app/Contents/Extensions/SafariLinkExtension.appex
com.apple.WiFiVelocity.DiagnosticExtension ::  :: /System/Library/PrivateFrameworks/WiFiVelocity.framework/PlugIns/DiagnosticExtension.appex
com.apple.wallpaper.extension.ventura( ::  :: /System/Library/ExtensionKit/Extensions/WallpaperVenturaExtension.appex
com.apple.siri.SiriAppLaunchIntents.AppLaunchIntentExtension ::  :: /System/Library/PrivateFrameworks/SiriAppLaunchIntents.framework/PlugIns/AppLaunchIntentExtension.appex
com.apple.stocks.widget ::  :: /System/Applications/Stocks.app/Contents/PlugIns/StocksWidget.appex
com.apple.replayKit.RPBroadcastActivityExtension-macOS ::  :: /System/Library/PrivateFrameworks/ReplayKitMacHelper.framework/PlugIns/RPBroadcastActivityViewControllerExtension_macOS.appex
com.apple.siri.SiriSuggestionsLightHousePlugin( ::  :: /System/Library/ExtensionKit/Extensions/SiriSuggestionsLightHousePlugin.appex
io.tailscale.ipn.macos.network-extension ::  :: /Applications/Tailscale.app/Contents/PlugIns/IPNExtension.appex
com.apple.iBooksX.SharingExtension ::  :: /System/Applications/Books.app/Contents/PlugIns/SharingExtension.appex
com.apple.siri.AssistantSettingsControls ::  :: /System/Library/ExtensionKit/Extensions/AssistantSettingsControlsExtension.appex
com.apple.AVConference.Diagnostic ::  :: /System/Library/PrivateFrameworks/AVConference.framework/PlugIns/com.apple.AVConference.Diagnostic.appex
com.apple.siri.parsec.HashtagImagesApp.HashtagImagesExtension ::  :: /System/iOSSupport/System/Library/PrivateFrameworks/SearchToShareCore.framework/Plugins/HashtagImagesExtension.appex
com.apple.omniSearch.SearchToolExtension( ::  :: /System/Library/ExtensionKit/Extensions/SearchToolExtension.appex
com.apple.TransparencySettingsIntents( ::  :: /System/Library/ExtensionKit/Extensions/TransparencySettingsIntents.appex
com.apple.AppleMediaServices.FollowUpExtension ::  :: /System/Library/PrivateFrameworks/AppleMediaServices.framework/PlugIns/AMSFollowUpExtension.appex
com.apple.MobileSMS.MessagesActionExtension ::  :: /System/Applications/Messages.app/Contents/Extensions/MessagesActionExtension.appex
com.apple.share.System.add-to-iphoto ::  :: /System/Library/PrivateFrameworks/ShareServicesCore.framework/Versions/A/PlugIns/PhotosPluginAddToPhotos.appex
com.apple.LighthouseBitacoraFramework.LighthouseBitacoraPlugin ::  :: /System/Library/PrivateFrameworks/LighthouseBitacoraFramework.framework/PlugIns/LighthouseBitacoraPlugin.appex
com.apple.PhotosUIPrivate.PhotosPosterProvider( ::  :: /System/Library/ExtensionKit/Extensions/PhotosPosterProvider.appex
com.apple.AccountsUISettings.AppIntents( ::  :: /System/Library/ExtensionKit/Extensions/AccountsUISettingsAppIntents.appex
com.microsoft.Outlook.CalendarWidget ::  :: /Applications/Microsoft Outlook.app/Contents/PlugIns/CalendarWidgetExtension.appex
com.apple.DiskSpaceDiagnostics.diagnosticextension ::  :: /System/Library/PrivateFrameworks/DiskSpaceDiagnostics.framework/PlugIns/DiskSpaceDiagnosticsExtension.appex
com.apple.aiml.RepackagingWorker( ::  :: /System/Library/ExtensionKit/Extensions/RepackagingWorker.appex
com.apple.Keyboard-Settings.extension( ::  :: /System/Library/ExtensionKit/Extensions/KeyboardSettings.appex
com.apple.wallpaper.extension.aerials( ::  :: /System/Library/ExtensionKit/Extensions/WallpaperAerialsExtension.appex
com.apple.DiagnosticExtensions.BluetoothDiagnosticExtension ::  :: /System/Library/PrivateFrameworks/DiagnosticExtensions.framework/PlugIns/BluetoothDiagnosticExtension.appex
com.apple.omniSearch.SearchToolDiagnosticExtension ::  :: /System/Library/ExtensionKit/Extensions/SearchToolDiagnosticExtension.appex
com.apple.inputmethod.SCIM ::  :: /System/Library/Input Methods/SCIM.app/Contents/PlugIns/SCIM_Extension.appex
com.apple.AvatarUI.AvatarPickerPosePicker ::  :: /System/iOSSupport/System/Library/PrivateFrameworks/AvatarUI.framework/PlugIns/AvatarPickerPosePicker.appex
com.apple.shortcuts.ShortcutsWidget ::  :: /System/Applications/Shortcuts.app/Contents/PlugIns/ShortcutsWidgetExtension.appex
com.microsoft.Excel.widgetextension ::  :: /Applications/Microsoft Excel.app/Contents/PlugIns/ExcelWidget_mac.appex
com.apple.RAQLThumbnailExtension ::  :: /System/Library/PrivateFrameworks/AssetViewer.framework/PlugIns/RAQLThumbnailExtension.appex
com.apple.ActionKit.BundledIntentHandler ::  :: /System/Library/PrivateFrameworks/ActionKit.framework/PlugIns/BundledIntentHandler.appex
com.apple.StoreKit.SKAskPermissionExtension ::  :: /System/Library/Frameworks/StoreKit.framework/Versions/A/PlugIns/SKAskPermissionExtension.appex
com.apple.findmy.FindMyCoreFollowUpExtension ::  :: /System/Library/ExtensionKit/Extensions/FindMyCoreFollowUpExtension.appex
com.apple.Notes.IntentsExtension ::  :: /System/Applications/Notes.app/Contents/PlugIns/com.apple.Notes.IntentsExtension.appex
com.apple.PassbookUIService.PeerPaymentMessagesExtension ::  :: /System/iOSSupport/System/Library/PrivateFrameworks/PassKitUI.framework/PlugIns/PeerPaymentMessagesExtension.appex
com.readdle.CalendarsLite.intentUIExtension ::  :: /Applications/Calendars.app/Contents/PlugIns/LiteIntentsUIExtension.appex
com.apple.iBooks.engagementExtension ::  :: /System/Applications/Books.app/Contents/PlugIns/BooksEngagementExtension.appex
com.apple.UniversalAccess.UASettingsShortcuts ::  :: /System/Library/PrivateFrameworks/UniversalAccess.framework/PlugIns/UASettingsShortcuts.appex
com.apple.tips.TipsQuicklook ::  :: /System/Library/CoreServices/TipsSpotlightHandler.app/Contents/PlugIns/TipsQuicklook.appex
com.apple.settings-intents.mouse ::  :: /System/Library/ExtensionKit/Extensions/MouseIntentsExtension.appex
com.apple.settings-intents.WallpaperIntents ::  :: /System/Library/ExtensionKit/Extensions/WallpaperSettingsIntents.appex
com.apple.calls.PhoneAppIntentsExtension( ::  :: /System/Library/ExtensionKit/Extensions/PhoneAppIntentsExtension.appex
com.apple.mlhost.CloudWorker( ::  :: /System/Library/ExtensionKit/Extensions/CloudWorker.appex
com.apple.ibooks.BookLibraryCore.BooksAskPermissionExtension ::  :: /System/Library/PrivateFrameworks/BookLibraryCore.framework/PlugIns/BooksAskPermissionExtension.appex
com.apple.ExtensionsSettings.DefaultExtensionEnablement( ::  :: /System/Library/ExtensionKit/Extensions/DefaultExtensionEnablement.appex
com.apple.eventMetaDataExtractor.eventMetaDataExtractorPlugin ::  :: /System/Library/PrivateFrameworks/EventMetaDataExtractor.framework/PlugIns/EventMetaDataExtractorPluginMac.appex
com.apple.speech.MacinTalkFramework.MacinTalkAUSP ::  :: /System/Library/PrivateFrameworks/MacinTalk.framework/PlugIns/MacinTalkAUSP.appex
com.apple.controlcenter.ControlCenterSettingsIntents ::  :: /System/Library/ExtensionKit/Extensions/ControlCenterSettingsIntents.appex
com.apple.GenerativePlaygroundApp.MessagesExtension ::  :: /System/Applications/Image Playground.app/Contents/PlugIns/GenerativePlaygroundMessagesAppExtension.appex
com.apple.CloudSharingUI.CreateiCloudLinkExtension ::  :: /System/Library/PrivateFrameworks/CloudSharingUI.framework/Versions/A/PlugIns/CreateiCloudLinkExtension-macOS.appex
com.apple.FaceTime.FaceTimeNotificationExtension( ::  :: /System/Library/ExtensionKit/Extensions/FaceTimeNotificationExtension.appex
com.apple.Batteries.BatteriesAvocadoWidgetExtension ::  :: /System/Library/CoreServices/Batteries.app/Contents/PlugIns/BatteriesAvocadoWidgetExtension.appex
com.apple.shortcuts.ThumbnailExtension ::  :: /System/Applications/Shortcuts.app/Contents/PlugIns/ThumbnailExtension.appex
com.apple.WorkflowKit.ShortcutsIntents ::  :: /System/Library/PrivateFrameworks/WorkflowKit.framework/PlugIns/ShortcutsIntents.appex
com.apple.SonicKit.diagnostics ::  :: /System/Library/PrivateFrameworks/SonicKit.framework/Versions/A/PlugIns/SonicDiagnostics.appex
com.apple.NetworkEndpointPickerUI.DDUIExtension( ::  :: /System/Library/ExtensionKit/Extensions/DDUIExtension.appex
com.apple.transcriptBackgroundPoster.GradientExtension( ::  :: /System/Library/ExtensionKit/Extensions/GradientBackgroundPosterExtension.appex
com.apple.reminders.sharingextension ::  :: /System/Applications/Reminders.app/Contents/PlugIns/RemindersSharingExtension.appex
com.apple.lighthouse.BiomeSELFIngestor( ::  :: /System/Library/ExtensionKit/Extensions/BiomeSELFIngestor.appex
com.apple.ClassKit.ClassKitAppIntents( ::  :: /System/Library/ExtensionKit/Extensions/ClassKitAppIntents.appex
com.apple.mobileslideshow.photo-picker ::  :: /System/Library/ExtensionKit/Extensions/PhotoPicker.appex
com.readdle.CalendarsLite.intentHandlingService ::  :: /Applications/Calendars.app/Contents/PlugIns/LiteIntentsHandlingService.appex
com.apple.aiml.mlpt.FedStats.MLHostPluginClassB( ::  :: /System/Library/ExtensionKit/Extensions/FedStatsMLHostPluginClassB.appex
com.apple.mapkit.private.RemoteUI( ::  :: /System/Library/ExtensionKit/Extensions/MKRemoteUI.appex
com.apple.MarkupUI.MarkupPhotoExtension ::  :: /System/Library/PrivateFrameworks/MarkupUI.framework/PlugIns/MarkupPhotoExtension.appex
com.apple.FamilyExtensionHost.FamilyOutOfProcessUIExtension( ::  :: /System/Library/ExtensionKit/Extensions/FamilyOutOfProcessUIExtension.appex
com.apple.Safari.CacheDeleteExtension ::  :: /System/Volumes/Preboot/Cryptexes/App/System/Applications/Safari.app/Contents/PlugIns/CacheDeleteExtension.appex
com.apple.VoiceMemos.VoiceMemosIntentsExtension ::  :: /System/Applications/VoiceMemos.app/Contents/PlugIns/VoiceMemosIntentsExtension.appex
com.apple.iBooks.iBooksSpotlightExtension ::  :: /System/Applications/Books.app/Contents/PlugIns/BooksSpotlightExtension.appex
com.apple.TransparencyUI.SWTFollowUpExtension ::  :: /System/Library/PrivateFrameworks/TransparencyUI.framework/PlugIns/SWTFollowUpExtension.appex
com.apple.NeptuneOneExtension( ::  :: /System/Library/ExtensionKit/Extensions/NeptuneOneWallpaper.appex
com.apple.desktopsettings.DesktopSettingsIntents ::  :: /System/Library/ExtensionKit/Extensions/DesktopSettingsIntents.appex
com.apple.siri.SiriTimeInternal.AlarmIntentsExtension ::  :: /System/Library/PrivateFrameworks/SiriTimeInternal.framework/PlugIns/AlarmIntentsExtension.appex
com.apple.systempreferences.SharingSettingsIntents( ::  :: /System/Library/ExtensionKit/Extensions/SharingIntents.appex
com.apple.WordOfTheDay ::  :: /System/Library/ExtensionKit/Extensions/Word of the Day.appex
com.apple.diagnosticextensions.osx.filevault ::  :: /System/Library/PrivateFrameworks/DiagnosticExtensions.framework/PlugIns/osx-filevault.appex
com.apple.STMExtension.Trash ::  :: /System/Library/PrivateFrameworks/StorageManagement.framework/PlugIns/TrashStorageExtension.appex
com.apple.AvatarUI.AvatarPickerMemojiEditor ::  :: /System/iOSSupport/System/Library/PrivateFrameworks/AvatarUI.framework/PlugIns/AvatarPickerMemojiEditor.appex
com.studioamanga.onelist.Widget ::  :: /Applications/1List.app/Contents/PlugIns/WidgetExtension.appex
com.apple.shortcuts.Run-Workflow ::  :: /System/Applications/Shortcuts.app/Contents/PlugIns/ShortcutsActionExtension.appex
com.apple.settings-intents.DateTimeIntents ::  :: /System/Library/ExtensionKit/Extensions/DateTimeIntentsExtension.appex
com.todoist.mac.Todoist.TodoistSafari ::  :: /Applications/Todoist.app/Contents/PlugIns/TodoistSafari.appex
com.apple.calendar.CalendarIntentsExtension ::  :: /System/Applications/Calendar.app/Contents/Extensions/CalendarIntentsExtension.appex
com.apple.games.ChallengesMessageExtension ::  :: /System/Library/ExtensionKit/Extensions/ChallengesMessageExtension.appex
com.apple.settings-intents.LockScreenIntents ::  :: /System/Library/ExtensionKit/Extensions/LockScreenIntentsExtension.appex
com.apple.SystemExtensions-Settings.extension( ::  :: /System/Library/ExtensionKit/Extensions/SettingsSystemExtensionController.appex
com.apple.Notes.WidgetExtension ::  :: /System/Applications/Notes.app/Contents/PlugIns/com.apple.Notes.WidgetExtension.appex
com.apple.iCloudQuota.ICQFollowup ::  :: /System/Library/PrivateFrameworks/iCloudQuota.framework/PlugIns/ICQFollowup.appex
com.apple.mobiletimer.ClockAppIntents( ::  :: /System/Library/ExtensionKit/Extensions/ClockAppIntents.appex
com.apple.DoNotDisturb.Intents ::  :: /System/Library/PrivateFrameworks/DoNotDisturb.framework/PlugIns/DoNotDisturbIntents.appex
com.apple.inputmethod.TYIM ::  :: /System/Library/Input Methods/TYIM.app/Contents/PlugIns/TYIM_Extension.appex
com.apple.siri.SiriPrivateLearningAnalytics.SiriUserSegments.Plugin ::  :: /System/Library/PrivateFrameworks/SiriUserSegments.framework/PlugIns/SiriUserSegmentsPlugin.appex
com.apple.podcasts.PodcastsNotificationExtension ::  :: /System/Applications/Podcasts.app/Contents/PlugIns/PodcastsNotificationExtension.appex
com.apple.ScreenTime.ScreenTimeWebExtension ::  :: /System/iOSSupport/System/Library/Frameworks/ScreenTime.framework/Versions/A/PlugIns/ScreenTimeWebExtension.appex
com.apple.systempreferences.KeyboardSettingsExtension( ::  :: /System/Library/ExtensionKit/Extensions/KeyboardSettingsIntents.appex
com.apple.CommerceKit.AskPermissionExtension ::  :: /System/Library/PrivateFrameworks/CommerceKit.framework/PlugIns/AskPermissionExtension.appex
com.apple.siri.ODDIMetricsExtension( ::  :: /System/Library/ExtensionKit/Extensions/ODDIMetricsExtension.appex
com.apple.DiagnosticExtensions.StorageDESDXC ::  :: /System/Library/ExtensionKit/Extensions/StorageDESDXC.appex
com.apple.CloudSubscriptionFeatures.CSFFollowUpExtension ::  :: /System/Library/PrivateFrameworks/CloudSubscriptionFeatures.framework/PlugIns/CSFFollowUpExtension.appex
com.apple.news.articlenotificationextension ::  :: /System/Applications/News.app/Contents/PlugIns/ArticleNotificationExtension.appex
com.apple.Notes.SharingExtension ::  :: /System/Applications/Notes.app/Contents/PlugIns/com.apple.Notes.SharingExtension.appex
com.apple.WritingTools.WritingToolsAppIntentsExtension( ::  :: /System/Library/ExtensionKit/Extensions/WritingToolsAppIntentsExtension.appex
com.apple.CalendarUI.SpotlightEventPreview ::  :: /System/Library/PrivateFrameworks/CalendarUI.framework/Versions/A/PlugIns/SpotlightEventPreview.appex
com.apple.inputmethod.Kotoeri.KanaTyping ::  :: /System/Library/Input Methods/JapaneseIM-KanaTyping.app/Contents/PlugIns/JapaneseIM-KanaTyping.appex
com.apple.poirot.MessagesAnalyticsWorker( ::  :: /System/Library/ExtensionKit/Extensions/MessagesAnalyticsWorker.appex
com.apple.iCloudDriveCore.diagnostic ::  :: /System/Library/PrivateFrameworks/iCloudDriveCore.framework/PlugIns/CloudDocsDiagnostic.appex
com.apple.ScreenTimeWidgetApplication.ScreenTimeWidgetExtension ::  :: /System/Library/CoreServices/Screen Time.app/Contents/PlugIns/ScreenTimeWidgetExtension.appex
com.apple.FamilyExtensionHost.FamilyOutOfProcessUIExtension ::  :: /System/Library/CoreServices/FamilyExtensionHost.app/Contents/Extensions/FamilyOutOfProcessUIExtension.appex
com.apple.DifferentialPrivacy.TelemetryAggregator( ::  :: /System/Library/ExtensionKit/Extensions/TelemetryAggregator.appex
com.apple.DiagnosticExtensions.WallpaperMac ::  :: /System/Library/PrivateFrameworks/DiagnosticExtensions.framework/PlugIns/WallpaperDiagnosticExtension.appex
com.apple.SoftwareUpdate.SoftwareUpdateSettingsWidget ::  :: /System/Library/ExtensionKit/Extensions/SoftwareUpdateSettingsWidgetExtension.appex
com.apple.DiagnosticExtensions.WiFi ::  :: /System/Library/PrivateFrameworks/DiagnosticExtensions.framework/PlugIns/com.apple.DiagnosticExtensions.WiFi.appex
com.apple.StartupDisk.StartupDiskWidgetExtension ::  :: /System/Library/ExtensionKit/Extensions/StartupDiskWidgetExtension.appex
com.apple.QuickLookUIFramework.QLPreviewGenerationExtension ::  :: /System/Library/Frameworks/QuickLookUI.framework/Versions/A/PlugIns/QLPreviewGenerationExtension.appex
com.apple.journal.widgets.secure ::  :: /System/Applications/Journal.app/Contents/PlugIns/JournalWidgetsSecure.appex
com.apple.ScreenSaver.Engine.legacyScreenSaver ::  :: /System/Library/Frameworks/ScreenSaver.framework/PlugIns/legacyScreenSaver.appex
com.apple.DiagnosticExtensions.ConnectivityWiFiDE ::  :: /System/Library/PrivateFrameworks/DiagnosticExtensions.framework/PlugIns/ConnectivityWiFiDE.appex
com.apple.texttospeech.SiriAUSP ::  :: /System/iOSSupport/System/Library/ExtensionKit/Extensions/SiriAUSP.appex
com.apple.donotdisturb.DoNotDisturbAppIntents( ::  :: /System/Library/ExtensionKit/Extensions/DoNotDisturbAppIntents.appex
com.apple.ConfigurationProfiles.FollowUp ::  :: /System/Library/ExtensionKit/Extensions/ConfigurationProfilesFollowUpExtension.appex
com.apple.siri.SiriPrivateLearningAnalytics.SiriUserSegmentation( ::  :: /System/Library/ExtensionKit/Extensions/SiriUserSegmentation.appex
com.apple.MediaExtensions-Settings( ::  :: /System/Library/ExtensionKit/Extensions/MediaExtensionsSettingsController.appex
com.apple.settings.SecurityPrefQADirector.SecurityPrivacyIntents ::  :: /System/Library/ExtensionKit/Extensions/SecurityPrivacyIntentsExtension.appex
com.apple.STMExtension.iOSFiles ::  :: /System/Library/PrivateFrameworks/StorageManagement.framework/PlugIns/iOSFilesStorageExtension.appex
com.apple.PhotoLibraryServices.PhotosDiagnostics ::  :: /System/Library/PrivateFrameworks/PhotoLibraryServices.framework/PlugIns/PhotosDiagnostics.appex
com.apple.ibooks.BookLibrary.BooksDiagnosticExtension ::  :: /System/iOSSupport/System/Library/PrivateFrameworks/BookLibrary.framework/PlugIns/BooksDiagnosticExtension.appex
com.apple.news.NewsAudioExtension ::  :: /System/Applications/News.app/Contents/PlugIns/NewsAudioExtension.appex
com.apple.AppSSOKerberos.KerberosExtension ::  :: /System/Library/PrivateFrameworks/AppSSOKerberos.framework/PlugIns/KerberosExtension.appex
com.apple.Photos.MacMusicPickerExtension ::  :: /System/Applications/Photos.app/Contents/PlugIns/PhotosMacMusicPickerExtension.appex
com.apple.calendar.EventKitUIRemoteUIExtension( ::  :: /System/Library/ExtensionKit/Extensions/EventKitUIRemoteUIExtension.appex
com.apple.inputmethod.Korean ::  :: /System/Library/Input Methods/KoreanIM.app/Contents/PlugIns/KIM_Extension.appex
com.apple.DiagnosticExtensions.ScreenTime ::  :: /System/Library/PrivateFrameworks/DiagnosticExtensions.framework/PlugIns/ScreenTimeDiagnosticExtension.appex
com.apple.share.System.add-to-safari-reading-list ::  :: /System/Library/PrivateFrameworks/ShareKit.framework/Versions/A/PlugIns/SystemAddToReadingList.appex
com.apple.dt.DVTFeedbackReporting.XCCFeedbackReportingDiagnosticExtension ::  :: /Applications/Xcode.app/Contents/PlugIns/XCCFeedbackReportingDiagnosticExtension.appex
com.apple.GenerativePlaygroundApp.GenerativePlaygroundAppIntents ::  :: /System/Applications/Image Playground.app/Contents/Extensions/GenerativePlaygroundAppIntents.appex
com.duckduckgo.mobile.ios.vpn.agent.proxy ::  :: /Applications/DuckDuckGo.app/Contents/Library/LoginItems/DuckDuckGo VPN.app/Contents/PlugIns/VPNProxyExtension.appex
com.apple.AskToViewExtension( ::  :: /System/Library/ExtensionKit/Extensions/AskToViewExtension.appex
com.microsoft.Word.widgetextension ::  :: /Applications/Microsoft Word.app/Contents/PlugIns/WordWidget_mac.appex
com.apple.settings-intents.PrinterScannerIntents ::  :: /System/Library/ExtensionKit/Extensions/PrinterScannerIntentsExtension.appex
com.apple.AuthKitUI.AKFollowUpServerUIExtension ::  :: /System/Library/PrivateFrameworks/AuthKitUI.framework/PlugIns/AKFollowUpExtension.appex
com.apple.FaceTime.RemotePeoplePicker ::  :: /System/Applications/FaceTime.app/Contents/PlugIns/RemotePeoplePicker.appex
com.apple.MailCacheDelete ::  :: /System/Applications/Mail.app/Contents/PlugIns/MailCacheDelete.appex
com.apple.priml.PFLMLHostPlugins.SiriAutoEvalPlugin( ::  :: /System/Library/ExtensionKit/Extensions/SiriAutoEvalPlugin.appex
com.apple.share.AirDrop.send ::  :: /System/Library/PrivateFrameworks/FinderKit.framework/Versions/A/PlugIns/AirDrop.appex
com.apple.messages.StorageManagementExtension ::  :: /System/Applications/Messages.app/Contents/PlugIns/Messages Storage Management Extension.appex
com.apple.AppleAccountIntents( ::  :: /System/Library/ExtensionKit/Extensions/AppleAccountIntents_macOS.appex
com.apple.Profiles-Settings.intents( ::  :: /System/Library/ExtensionKit/Extensions/ProfilesSettingsIntents.appex
com.apple.priml.PFLMLHostPlugins.FedAutoEvalPlugin( ::  :: /System/Library/ExtensionKit/Extensions/FedAutoEvalPlugin.appex
com.apple.RAQLPreviewExtension ::  :: /System/Library/PrivateFrameworks/AssetViewer.framework/PlugIns/RAQLPreviewExtension.appex
com.apple.AccessibilitySettingsWidgetExtension ::  :: /System/Library/ExtensionKit/Extensions/AccessibilitySettingsWidgetExtension.appex
com.apple.wallpaper.extension.macintosh( ::  :: /System/Library/ExtensionKit/Extensions/WallpaperMacintoshExtension.appex
com.apple.ScreenSaver.iLife-Slideshow-Extension ::  :: /System/Library/ExtensionKit/Extensions/iLifeSlideshows.appex
com.apple.wallpaper.agent.controls ::  :: /System/Library/CoreServices/WallpaperAgent.app/Contents/PlugIns/WallpaperControlsExtension.appex
com.apple.FileProviderDaemon.diagnostic ::  :: /System/Library/PrivateFrameworks/FileProviderDaemon.framework/PlugIns/FileProviderDiagnosticExtension.appex
com.apple.Translate.TranslationAppIntentsExtension( ::  :: /System/Library/ExtensionKit/Extensions/TranslationAppIntentsExtension.appex
com.apple.podcasts.MacPodcastsStorageExtension ::  :: /System/Applications/Podcasts.app/Contents/PlugIns/MacPodcastsStorageExtension.appex
com.apple.unilog.SiriUploadWorker( ::  :: /System/Library/ExtensionKit/Extensions/SiriUploadWorker.appex
com.apple.printcenter.PrintCenterWidget ::  :: /System/Applications/Utilities/Print Center.app/Contents/PlugIns/PrintCenterWidgetExtension.macOS.appex
com.apple.DeviceActivityUI.DeviceActivityReportService ::  :: /System/iOSSupport/System/Library/Frameworks/_DeviceActivity_SwiftUI.framework/Versions/A/PlugIns/DeviceActivityReportService.appex
com.apple.freeform.sharingextension ::  :: /System/Applications/Freeform.app/Contents/PlugIns/FreeformSharingExtension.appex
com.apple.DiagnosticExtensions.shortcuts ::  :: /System/Library/PrivateFrameworks/DiagnosticExtensions.framework/PlugIns/ShortcutsDiagnosticExtension.appex
com.apple.BiometricKit.BioLogDiagnostic ::  :: /System/Library/PrivateFrameworks/BiometricKit.framework/PlugIns/BioLogDiagnostic.appex
com.apple.wallpaper.extension.gradient( ::  :: /System/Library/ExtensionKit/Extensions/WallpaperGradientExtension.appex
com.apple.ScreenTimeWidgetApplication.ScreenTimeWidgetIntentsExtension ::  :: /System/Library/CoreServices/Screen Time.app/Contents/PlugIns/ScreenTimeWidgetIntentsExtension.appex
com.apple.unilog.search.MacMailSearchLogProcessor( ::  :: /System/Library/ExtensionKit/Extensions/MacMailSearchLogProcessor.appex
com.apple.SceneKitQLPreviewExtension ::  :: /System/Library/Frameworks/SceneKit.framework/PlugIns/SceneKitQLPreviewExtension.appex
com.apple.calculator.CalculatorWidget ::  :: /System/Applications/Calculator.app/Contents/PlugIns/CalculatorWidget.appex
com.apple.iBooksX.BooksThumbnail ::  :: /System/Applications/Books.app/Contents/PlugIns/BooksThumbnail.appex
com.apple.TransparencyUI.FollowUpExtension ::  :: /System/Library/PrivateFrameworks/TransparencyUI.framework/PlugIns/TransparencyFollowUpExtension.appex
com.apple.AvatarUI.AvatarPickerMemojiPicker ::  :: /System/iOSSupport/System/Library/PrivateFrameworks/AvatarUI.framework/PlugIns/AvatarPickerMemojiPicker.appex
com.apple.Spotlight-Settings.extension.SpotlightSettingsIntentsExtension( ::  :: /System/Library/ExtensionKit/Extensions/SpotlightSettingsIntentsExtension.appex
com.apple.CoreCDPUI.CDPFollowUpExtension ::  :: /System/Library/PrivateFrameworks/CoreCDPUI.framework/PlugIns/CDPFollowUpExtension.appex
com.apple.wallpaper.extension.legacy( ::  :: /System/Library/ExtensionKit/Extensions/WallpaperLegacyExtension.appex
com.apple.ScreenSaver.Drift ::  :: /System/Library/ExtensionKit/Extensions/Drift.appex
com.syncthing.mobile.widget ::  :: /Applications/Syncthing.app/Wrapper/Syncthing.app/PlugIns/widget.appex
com.readdle.CalendarsLite.NotificationContent ::  :: /Applications/Calendars.app/Contents/PlugIns/LiteNotificationContent.appex
com.apple.share.Mail.compose-back-to-sender ::  :: /System/Library/PrivateFrameworks/ShareKit.framework/Versions/A/PlugIns/ShareMailBack.appex
com.apple.Photos.PhotosFileProvider ::  :: /System/Applications/Photos.app/Contents/PlugIns/PhotosFileProvider.appex
com.apple.iBooks.BooksNotificationContentExtension ::  :: /System/Applications/Books.app/Contents/PlugIns/BooksNotificationContentExtension.appex
com.apple.NewDeviceOutreachMac.Extension ::  :: /System/Library/PrivateFrameworks/NewDeviceOutreach.framework/PlugIns/NewDeviceOutreachMacExtension.appex
com.apple.siri.ODDIPoirotMetricsExtension( ::  :: /System/Library/ExtensionKit/Extensions/ODDIPoirotMetricsExtension.appex
com.apple.VoiceMemos.RecordWidget ::  :: /System/Applications/VoiceMemos.app/Contents/PlugIns/RecordWidgetExtension.appex
com.apple.Feedback.DraftingExtension ::  :: /System/Library/PrivateFrameworks/Feedback.framework/PlugIns/DraftingExtension-macOS.appex
com.apple.Displays-Settings.extension( ::  :: /System/Library/ExtensionKit/Extensions/DisplaysExt.appex
com.apple.IconComposerQuickLookPreviewAppExtension ::  :: /Applications/Xcode.app/Contents/Applications/Icon Composer.app/Contents/PlugIns/Icon Composer QuickLook Preview.appex
com.duckduckgo.mobile.ios.vpn.agent.network-protection-extension ::  :: /Applications/DuckDuckGo.app/Contents/Library/LoginItems/DuckDuckGo VPN.app/Contents/PlugIns/NetworkProtectionAppExtension.appex
com.apple.ScreenSaver.Monterey ::  :: /System/Library/ExtensionKit/Extensions/Monterey.appex
com.apple.SensitiveContentAnalysis.SCARemoteView.Extension( ::  :: /System/iOSSupport/System/Library/ExtensionKit/Extensions/SCARemoteView Appex.appex
com.apple.iCal.CalendarWidgetExtension ::  :: /System/Applications/Calendar.app/Contents/PlugIns/CalendarWidgetExtension.appex
com.apple.Desktop-Settings.extension ::  :: /System/Library/ExtensionKit/Extensions/DesktopSettings.appex
com.apple.WorkflowUI.AddShortcutExtension ::  :: /System/iOSSupport/System/Library/PrivateFrameworks/WorkflowUI.framework/PlugIns/AddShortcutExtension.appex
com.apple.TV.TVStorageExtension ::  :: /System/Applications/TV.app/Contents/PlugIns/TVStorageExtension.appex
com.todoist.mac.Todoist.TodoistAppIntents ::  :: /Applications/Todoist.app/Contents/Extensions/TodoistAppIntents.appex
com.apple.weather.WeatherAppIntents ::  :: /System/Applications/Weather.app/Contents/Extensions/WeatherAppIntents.appex
com.apple.FollowUpSettings.FollowUpSettingsExtension ::  :: /System/Library/ExtensionKit/Extensions/FollowUpSettingsExtension.appex
com.apple.fskit.ModuleEnablement( ::  :: /System/Library/ExtensionKit/Extensions/FSKitModuleManagement.appex
com.apple.HomeKit.HomeKitCustomerDiagnosticExtension ::  :: /System/Library/Frameworks/HomeKit.framework/PlugIns/HomeKitCustomerDiagnosticExtension.appex
com.apple.PhotosIntelligence.PhotosStoryDiagnostics ::  :: /System/Library/PrivateFrameworks/PhotosIntelligence.framework/PlugIns/PhotosStoryDiagnostics.appex
com.apple.Shell ::  :: /System/Library/ExtensionKit/Extensions/Shell.appex
com.apple.journal.JournalShareExtension ::  :: /System/Applications/Journal.app/Contents/PlugIns/JournalShareExtension.appex
com.todoist.mac.Todoist.TodoistWidgets ::  :: /Applications/Todoist.app/Contents/PlugIns/TodoistWidgets.appex
com.apple.unilog.SearchUploadWorker( ::  :: /System/Library/ExtensionKit/Extensions/SearchUploadWorker.appex
com.apple.osanalytics.IPSExtension ::  :: /System/Library/PrivateFrameworks/OSAnalytics.framework/PlugIns/IPSExtension.appex
com.apple.DiagnosticExtensions.IntelligentRoutingDiagnostic ::  :: /System/Library/PrivateFrameworks/DiagnosticExtensions.framework/PlugIns/IntelligentRoutingDiagnostic.appex
com.apple.MediaMLPluginApp.MediaMLExtension( ::  :: /System/Library/ExtensionKit/Extensions/MediaMLExtension.appex
com.apple.RelativeMotion.TempestDiagnosticExtension ::  :: /System/Library/PrivateFrameworks/RelativeMotion.framework/PlugIns/com.apple.RelativeMotion.TempestDiagnosticExtension.appex
com.apple.generativeassistanttools.settingsextension.GenerativeAssistantSettingsExtension( ::  :: /System/Library/ExtensionKit/Extensions/GenerativeAssistantSettingsExtension.appex
com.apple.siri.OnDeviceAnalytics.SpeakerIdSamplingExtension( ::  :: /System/Library/ExtensionKit/Extensions/SpeakerIdSamplingExtension.appex
com.apple.AppleMediaServicesUI.UtilityExtension( ::  :: /System/iOSSupport/System/Library/PrivateFrameworks/AppleMediaServicesUI.framework/PlugIns/UtilityExtension.appex
com.apple.mlhost.SampleWorker( ::  :: /System/Library/ExtensionKit/Extensions/com.apple.mlhost.SampleWorker.appex
com.apple.Home.HomeUIUserList ::  :: /System/Applications/Home.app/Contents/PlugIns/HomeUIUserList.appex
com.apple.Internet-Accounts-Settings.extension ::  :: /System/Library/ExtensionKit/Extensions/InternetAccountsSettingsExtension.appex
com.microsoft.OneDrive-mac.FinderSync ::  :: /Applications/OneDrive.app/Contents/PlugIns/FinderSync.appex
com.apple.PeopleMessageService.ScreenTime ::  :: /System/Library/CoreServices/PeopleMessageService.app/Contents/PlugIns/PeopleMessagesScreenTime.appex
com.apple.zeolite.ZeoliteEvalExtension( ::  :: /System/Library/ExtensionKit/Extensions/ZeoliteEvalExtension.appex
com.apple.STMExtension.Developer ::  :: /System/Library/PrivateFrameworks/StorageManagement.framework/PlugIns/DeveloperStorageExtension.appex
com.apple.MADViewServiceExtension( ::  :: /System/Library/ExtensionKit/Extensions/MADViewServiceExtension.appex
com.apple.diagnosticextensions.osx.systemprofile ::  :: /System/Library/PrivateFrameworks/DiagnosticExtensions.framework/PlugIns/osx-SystemProfile.appex
com.apple.ManagedSettings.ManagedSettingsMacOSExtension ::  :: /System/Library/PrivateFrameworks/ManagedClient.framework/PlugIns/ManagedSettingsMacOSExtension.appex
com.apple.DeviceActivityUI.DeviceActivityReportService ::  :: /System/Library/Frameworks/_DeviceActivity_SwiftUI.framework/Versions/A/PlugIns/DeviceActivityReportService.appex
com.apple.fskit.msdos( ::  :: /System/Library/ExtensionKit/Extensions/com.apple.fskit.msdos.appex
com.apple.SceneKitQLThumbnailExtension ::  :: /System/Library/Frameworks/SceneKit.framework/PlugIns/SceneKitQLThumbnailExtension.appex
com.apple.settings.Storage.StorageSettingsIntentsExtension( ::  :: /System/Library/ExtensionKit/Extensions/StorageSettingsIntentsExtension.appex
com.microsoft.OneDrive-mac.FileProvider ::  :: /Applications/OneDrive.app/Contents/PlugIns/OneDrive File Provider.appex
com.apple.PlatformSSO.AccessKey ::  :: /System/Library/ExtensionKit/Extensions/AccessKey.appex
=== relance pkd + add ===
add rc=0
  (no matches)
match rc=0

__HERMES_CWD_6c553f54b366__/Users/bf/Library/CloudStorage/GoogleDrive-bernynoussi@gmail.com/Mon Drive/Formation/Collège BDEB/ETE_2026/420-A60-BB ALGORITHMES D'APPRENTISSAGE PROFOND/Examen Final/PasteAsFile__HERMES_CWD_6c553f54b366__
