
=== V1 ===
Building for debugging...
[1 / 6]
Build complete! (0,41 s)
V1 exit=0

=== V2 ===
Building for debugging...
[1 / 4] PasteAsFileCoreTests-product
Build complete! (0,26 s)
Test Suite 'All tests' started at 2026-09-30 06:27:45.255.
Test Suite 'PasteAsFileCoreTests.xctest' started at 2026-09-30 06:27:45.264.
Test Suite 'PasteAsFileCoreTests' started at 2026-09-30 06:27:45.264.
Test Case '-[PasteAsFileCoreTests.PasteAsFileCoreTests testPasteboardPNGAndTIFFRaw]' started.
Test Case '-[PasteAsFileCoreTests.PasteAsFileCoreTests testPasteboardPNGAndTIFFRaw]' passed (0.020 seconds).
Test Case '-[PasteAsFileCoreTests.PasteAsFileCoreTests testT10ExactName]' started.
Test Case '-[PasteAsFileCoreTests.PasteAsFileCoreTests testT10ExactName]' passed (0.000 seconds).
Test Case '-[PasteAsFileCoreTests.PasteAsFileCoreTests testT11Collisions]' started.
Test Case '-[PasteAsFileCoreTests.PasteAsFileCoreTests testT11Collisions]' passed (0.002 seconds).
Test Case '-[PasteAsFileCoreTests.PasteAsFileCoreTests testT12RawBytesSHA256]' started.
Test Case '-[PasteAsFileCoreTests.PasteAsFileCoreTests testT12RawBytesSHA256]' passed (0.002 seconds).
Test Case '-[PasteAsFileCoreTests.PasteAsFileCoreTests testT13FilesOverrideRawAndUniqued]' started.
Test Case '-[PasteAsFileCoreTests.PasteAsFileCoreTests testT13FilesOverrideRawAndUniqued]' passed (0.003 seconds).
Test Case '-[PasteAsFileCoreTests.PasteAsFileCoreTests testT14RichTextPasteboardIntegration]' started.
Test Case '-[PasteAsFileCoreTests.PasteAsFileCoreTests testT14RichTextPasteboardIntegration]' passed (0.004 seconds).
Test Case '-[PasteAsFileCoreTests.PasteAsFileCoreTests testT1Tiff]' started.
Test Case '-[PasteAsFileCoreTests.PasteAsFileCoreTests testT1Tiff]' passed (0.000 seconds).
Test Case '-[PasteAsFileCoreTests.PasteAsFileCoreTests testT2Png]' started.
Test Case '-[PasteAsFileCoreTests.PasteAsFileCoreTests testT2Png]' passed (0.000 seconds).
Test Case '-[PasteAsFileCoreTests.PasteAsFileCoreTests testT3Jpeg]' started.
Test Case '-[PasteAsFileCoreTests.PasteAsFileCoreTests testT3Jpeg]' passed (0.000 seconds).
Test Case '-[PasteAsFileCoreTests.PasteAsFileCoreTests testT4Icns]' started.
Test Case '-[PasteAsFileCoreTests.PasteAsFileCoreTests testT4Icns]' passed (0.000 seconds).
Test Case '-[PasteAsFileCoreTests.PasteAsFileCoreTests testT5Pdf]' started.
Test Case '-[PasteAsFileCoreTests.PasteAsFileCoreTests testT5Pdf]' passed (0.000 seconds).
Test Case '-[PasteAsFileCoreTests.PasteAsFileCoreTests testT6RtfPriority]' started.
Test Case '-[PasteAsFileCoreTests.PasteAsFileCoreTests testT6RtfPriority]' passed (0.000 seconds).
Test Case '-[PasteAsFileCoreTests.PasteAsFileCoreTests testT7Html]' started.
Test Case '-[PasteAsFileCoreTests.PasteAsFileCoreTests testT7Html]' passed (0.000 seconds).
Test Case '-[PasteAsFileCoreTests.PasteAsFileCoreTests testT8Txt]' started.
Test Case '-[PasteAsFileCoreTests.PasteAsFileCoreTests testT8Txt]' passed (0.000 seconds).
Test Case '-[PasteAsFileCoreTests.PasteAsFileCoreTests testT9UnknownProducesNothing]' started.
Test Case '-[PasteAsFileCoreTests.PasteAsFileCoreTests testT9UnknownProducesNothing]' passed (0.001 seconds).
Test Suite 'PasteAsFileCoreTests' passed at 2026-09-30 06:27:45.297.
	 Executed 15 tests, with 0 failures (0 unexpected) in 0.031 (0.033) seconds
Test Suite 'PasteAsFileCoreTests.xctest' passed at 2026-09-30 06:27:45.297.
	 Executed 15 tests, with 0 failures (0 unexpected) in 0.031 (0.033) seconds
Test Suite 'All tests' passed at 2026-09-30 06:27:45.297.
	 Executed 15 tests, with 0 failures (0 unexpected) in 0.031 (0.042) seconds
◇ Test run started.
↳ Testing Library Version: 2084
↳ Target Platform: arm64e-apple-macos14.0
✔ Test run with 0 tests in 0 suites passed after 0.001 seconds.
V2 exit=0

=== V3-app ===
Command line invocation:
    /Applications/Xcode.app/Contents/Developer/usr/bin/xcodebuild -project PasteAsFile.xcodeproj -scheme PasteAsFile -configuration Release -derivedDataPath /tmp/pasteasfile-build/xcode build

--- xcodebuild: WARNING: Using the first of multiple matching destinations:
{ platform:macOS, arch:arm64, id:00006041-001C08D93EF9801C, name:My Mac }
{ platform:macOS, arch:x86_64, id:00006041-001C08D93EF9801C, name:My Mac }
{ platform:macOS, name:Any Mac }
ComputePackagePrebuildTargetDependencyGraph

Prepare packages

CreateBuildRequest

SendProjectDescription

CreateBuildOperation

ComputeTargetDependencyGraph
note: Building targets in dependency order
note: Target dependency graph (2 targets)
    Target 'PasteAsFile' in project 'PasteAsFile'
        ➜ Explicit dependency on target 'PasteAsFileFinder' in project 'PasteAsFile'
    Target 'PasteAsFileFinder' in project 'PasteAsFile' (no dependencies)

GatherProvisioningInputs

CreateBuildDescription

ExecuteExternalTool /Applications/Xcode.app/Contents/Developer/Toolchains/XcodeDefault.xctoolchain/usr/bin/clang -v -E -dM -isysroot /Applications/Xcode.app/Contents/Developer/Platforms/MacOSX.platform/Developer/SDKs/MacOSX27.0.sdk -x c -c /dev/null

ExecuteExternalTool /Applications/Xcode.app/Contents/Developer/Toolchains/XcodeDefault.xctoolchain/usr/bin/swiftc --version

ExecuteExternalTool /Applications/Xcode.app/Contents/Developer/Toolchains/XcodeDefault.xctoolchain/usr/bin/ld -version_details

Build description signature: 58d8b75d107354b8aad6d1cc847cc362
Build description path: /tmp/pasteasfile-build/xcode/Build/Intermediates.noindex/XCBuildData/58d8b75d107354b8aad6d1cc847cc362.xcbuilddata
ClangStatCache /Applications/Xcode.app/Contents/Developer/Toolchains/XcodeDefault.xctoolchain/usr/bin/clang-stat-cache /Applications/Xcode.app/Contents/Developer/Platforms/MacOSX.platform/Developer/SDKs/MacOSX27.0.sdk /tmp/pasteasfile-build/xcode/SDKStatCaches.noindex/macosx27.0-26A425-7231f6df4def33e022ae2eb8f782df1a.sdkstatcache
    cd /Users/bf/Library/CloudStorage/GoogleDrive-bernynoussi@gmail.com/Mon\ Drive/Formation/Collège\ BDEB/ETE_2026/420-A60-BB\ ALGORITHMES\ D\'APPRENTISSAGE\ PROFOND/Examen\ Final/PasteAsFile/PasteAsFile.xcodeproj
    /Applications/Xcode.app/Contents/Developer/Toolchains/XcodeDefault.xctoolchain/usr/bin/clang-stat-cache /Applications/Xcode.app/Contents/Developer/Platforms/MacOSX.platform/Developer/SDKs/MacOSX27.0.sdk -o /tmp/pasteasfile-build/xcode/SDKStatCaches.noindex/macosx27.0-26A425-7231f6df4def33e022ae2eb8f782df1a.sdkstatcache

ProcessInfoPlistFile /tmp/pasteasfile-build/xcode/Build/Products/Release/PasteAsFileFinder.appex/Contents/Info.plist /Users/bf/Library/CloudStorage/GoogleDrive-bernynoussi@gmail.com/Mon\ Drive/Formation/Collège\ BDEB/ETE_2026/420-A60-BB\ ALGORITHMES\ D\'APPRENTISSAGE\ PROFOND/Examen\ Final/PasteAsFile/PasteAsFileFinder/Info.plist (in target 'PasteAsFileFinder' from project 'PasteAsFile')
    cd /Users/bf/Library/CloudStorage/GoogleDrive-bernynoussi@gmail.com/Mon\ Drive/Formation/Collège\ BDEB/ETE_2026/420-A60-BB\ ALGORITHMES\ D\'APPRENTISSAGE\ PROFOND/Examen\ Final/PasteAsFile
    builtin-infoPlistUtility /Users/bf/Library/CloudStorage/GoogleDrive-bernynoussi@gmail.com/Mon\ Drive/Formation/Collège\ BDEB/ETE_2026/420-A60-BB\ ALGORITHMES\ D\'APPRENTISSAGE\ PROFOND/Examen\ Final/PasteAsFile/PasteAsFileFinder/Info.plist -producttype com.apple.product-type.app-extension -expandbuildsettings -platform macosx -o /tmp/pasteasfile-build/xcode/Build/Products/Release/PasteAsFileFinder.appex/Contents/Info.plist

Copy /tmp/pasteasfile-build/xcode/Build/Products/Release/PasteAsFile.app/Contents/PlugIns/PasteAsFileFinder.appex /tmp/pasteasfile-build/xcode/Build/Products/Release/PasteAsFileFinder.appex (in target 'PasteAsFile' from project 'PasteAsFile')
    cd /Users/bf/Library/CloudStorage/GoogleDrive-bernynoussi@gmail.com/Mon\ Drive/Formation/Collège\ BDEB/ETE_2026/420-A60-BB\ ALGORITHMES\ D\'APPRENTISSAGE\ PROFOND/Examen\ Final/PasteAsFile
    builtin-copy -exclude .DS_Store -exclude CVS -exclude .svn -exclude .git -exclude .hg -resolve-src-symlinks -remove-static-executable /tmp/pasteasfile-build/xcode/Build/Products/Release/PasteAsFileFinder.appex /tmp/pasteasfile-build/xcode/Build/Products/Release/PasteAsFile.app/Contents/PlugIns

ProcessInfoPlistFile /tmp/pasteasfile-build/xcode/Build/Products/Release/PasteAsFile.app/Contents/Info.plist /Users/bf/Library/CloudStorage/GoogleDrive-bernynoussi@gmail.com/Mon\ Drive/Formation/Collège\ BDEB/ETE_2026/420-A60-BB\ ALGORITHMES\ D\'APPRENTISSAGE\ PROFOND/Examen\ Final/PasteAsFile/PasteAsFile/Info.plist (in target 'PasteAsFile' from project 'PasteAsFile')
    cd /Users/bf/Library/CloudStorage/GoogleDrive-bernynoussi@gmail.com/Mon\ Drive/Formation/Collège\ BDEB/ETE_2026/420-A60-BB\ ALGORITHMES\ D\'APPRENTISSAGE\ PROFOND/Examen\ Final/PasteAsFile
    builtin-infoPlistUtility /Users/bf/Library/CloudStorage/GoogleDrive-bernynoussi@gmail.com/Mon\ Drive/Formation/Collège\ BDEB/ETE_2026/420-A60-BB\ ALGORITHMES\ D\'APPRENTISSAGE\ PROFOND/Examen\ Final/PasteAsFile/PasteAsFile/Info.plist -producttype com.apple.product-type.application -genpkginfo /tmp/pasteasfile-build/xcode/Build/Products/Release/PasteAsFile.app/Contents/PkgInfo -expandbuildsettings -platform macosx -scanforprivacyfile /tmp/pasteasfile-build/xcode/Build/Products/Release/PasteAsFile.app/Contents/PlugIns/PasteAsFileFinder.appex -o /tmp/pasteasfile-build/xcode/Build/Products/Release/PasteAsFile.app/Contents/Info.plist

CopySwiftLibs /tmp/pasteasfile-build/xcode/Build/Products/Release/PasteAsFile.app (in target 'PasteAsFile' from project 'PasteAsFile')
    cd /Users/bf/Library/CloudStorage/GoogleDrive-bernynoussi@gmail.com/Mon\ Drive/Formation/Collège\ BDEB/ETE_2026/420-A60-BB\ ALGORITHMES\ D\'APPRENTISSAGE\ PROFOND/Examen\ Final/PasteAsFile
    builtin-swiftStdLibTool --copy --verbose --sign - --scan-executable /tmp/pasteasfile-build/xcode/Build/Products/Release/PasteAsFile.app/Contents/MacOS/PasteAsFile --scan-folder /tmp/pasteasfile-build/xcode/Build/Products/Release/PasteAsFile.app/Contents/Frameworks --scan-folder /tmp/pasteasfile-build/xcode/Build/Products/Release/PasteAsFile.app/Contents/PlugIns --scan-folder /tmp/pasteasfile-build/xcode/Build/Products/Release/PasteAsFile.app/Contents/Library/SystemExtensions --scan-folder /tmp/pasteasfile-build/xcode/Build/Products/Release/PasteAsFile.app/Contents/Extensions --scan-folder /Applications/Xcode.app/Contents/Developer/Platforms/MacOSX.platform/Developer/SDKs/MacOSX26.0.sdk/System/Library/Frameworks/Cocoa.framework --platform macosx --toolchain /Applications/Xcode.app/Contents/Developer/Toolchains/XcodeDefault.xctoolchain --destination /tmp/pasteasfile-build/xcode/Build/Products/Release/PasteAsFile.app/Contents/Frameworks --strip-bitcode --strip-bitcode-tool /Applications/Xcode.app/Contents/Developer/Toolchains/XcodeDefault.xctoolchain/usr/bin/bitcode_strip --emit-dependency-info /tmp/pasteasfile-build/xcode/Build/Intermediates.noindex/PasteAsFile.build/Release/PasteAsFile.build/SwiftStdLibToolInputDependencies.dep --filter-for-swift-os --back-deploy-swift-span

CodeSign /tmp/pasteasfile-build/xcode/Build/Products/Release/PasteAsFile.app (in target 'PasteAsFile' from project 'PasteAsFile')
    cd /Users/bf/Library/CloudStorage/GoogleDrive-bernynoussi@gmail.com/Mon\ Drive/Formation/Collège\ BDEB/ETE_2026/420-A60-BB\ ALGORITHMES\ D\'APPRENTISSAGE\ PROFOND/Examen\ Final/PasteAsFile
    
    Signing Identity:     "Sign to Run Locally"
    
    /usr/bin/codesign --force --sign - --entitlements /tmp/pasteasfile-build/xcode/Build/Intermediates.noindex/PasteAsFile.build/Release/PasteAsFile.build/PasteAsFile.app.xcent --timestamp\=none --generate-entitlement-der /tmp/pasteasfile-build/xcode/Build/Products/Release/PasteAsFile.app
/tmp/pasteasfile-build/xcode/Build/Products/Release/PasteAsFile.app: replacing existing signature

Validate /tmp/pasteasfile-build/xcode/Build/Products/Release/PasteAsFile.app (in target 'PasteAsFile' from project 'PasteAsFile')
    cd /Users/bf/Library/CloudStorage/GoogleDrive-bernynoussi@gmail.com/Mon\ Drive/Formation/Collège\ BDEB/ETE_2026/420-A60-BB\ ALGORITHMES\ D\'APPRENTISSAGE\ PROFOND/Examen\ Final/PasteAsFile
    builtin-validationUtility /tmp/pasteasfile-build/xcode/Build/Products/Release/PasteAsFile.app -no-validate-extension -infoplist-subpath Contents/Info.plist

RegisterWithLaunchServices /tmp/pasteasfile-build/xcode/Build/Products/Release/PasteAsFile.app (in target 'PasteAsFile' from project 'PasteAsFile')
    cd /Users/bf/Library/CloudStorage/GoogleDrive-bernynoussi@gmail.com/Mon\ Drive/Formation/Collège\ BDEB/ETE_2026/420-A60-BB\ ALGORITHMES\ D\'APPRENTISSAGE\ PROFOND/Examen\ Final/PasteAsFile
    builtin-lsregisterurl --record-path /tmp/pasteasfile-build/xcode/Build/Intermediates.noindex/XCBuildData/registered-launchservices.txt -- /System/Library/Frameworks/CoreServices.framework/Versions/Current/Frameworks/LaunchServices.framework/Versions/Current/Support/lsregister -f -R -trusted /tmp/pasteasfile-build/xcode/Build/Products/Release/PasteAsFile.app

ValidateEmbeddedBinary /tmp/pasteasfile-build/xcode/Build/Products/Release/PasteAsFile.app/Contents/PlugIns/PasteAsFileFinder.appex (in target 'PasteAsFile' from project 'PasteAsFile')
    cd /Users/bf/Library/CloudStorage/GoogleDrive-bernynoussi@gmail.com/Mon\ Drive/Formation/Collège\ BDEB/ETE_2026/420-A60-BB\ ALGORITHMES\ D\'APPRENTISSAGE\ PROFOND/Examen\ Final/PasteAsFile
    /Applications/Xcode.app/Contents/Developer/usr/bin/embeddedBinaryValidationUtility /tmp/pasteasfile-build/xcode/Build/Products/Release/PasteAsFile.app/Contents/PlugIns/PasteAsFileFinder.appex -signing-cert - -info-plist-path /tmp/pasteasfile-build/xcode/Build/Products/Release/PasteAsFile.app/Contents/Info.plist

PruneExplicitPrecompiledModules /tmp/pasteasfile-build/xcode/Build/Intermediates.noindex/SwiftExplicitPrecompiledModules

PruneExplicitPrecompiledModules /tmp/pasteasfile-build/xcode/Build/Intermediates.noindex/ExplicitPrecompiledModules

PruneExplicitPrecompiledModules /tmp/pasteasfile-build/xcode/SDKExplicitPrecompiledModules

** BUILD SUCCEEDED **

V3-app exit=0

=== V3-finder ===
Command line invocation:
    /Applications/Xcode.app/Contents/Developer/usr/bin/xcodebuild -project PasteAsFile.xcodeproj -scheme PasteAsFileFinder -configuration Release -derivedDataPath /tmp/pasteasfile-build/xcode build

--- xcodebuild: WARNING: Using the first of multiple matching destinations:
{ platform:macOS, arch:arm64, id:00006041-001C08D93EF9801C, name:My Mac }
{ platform:macOS, arch:x86_64, id:00006041-001C08D93EF9801C, name:My Mac }
{ platform:macOS, name:Any Mac }
ComputePackagePrebuildTargetDependencyGraph

Prepare packages

CreateBuildRequest

SendProjectDescription

CreateBuildOperation

ComputeTargetDependencyGraph
note: Building targets in dependency order
note: Target dependency graph (1 target)
    Target 'PasteAsFileFinder' in project 'PasteAsFile' (no dependencies)

GatherProvisioningInputs

CreateBuildDescription

ExecuteExternalTool /Applications/Xcode.app/Contents/Developer/Toolchains/XcodeDefault.xctoolchain/usr/bin/clang -v -E -dM -isysroot /Applications/Xcode.app/Contents/Developer/Platforms/MacOSX.platform/Developer/SDKs/MacOSX27.0.sdk -x c -c /dev/null

ExecuteExternalTool /Applications/Xcode.app/Contents/Developer/Toolchains/XcodeDefault.xctoolchain/usr/bin/swiftc --version

ExecuteExternalTool /Applications/Xcode.app/Contents/Developer/Toolchains/XcodeDefault.xctoolchain/usr/bin/ld -version_details

Build description signature: 6da525cb4193540dce66d57de4a403a3
Build description path: /tmp/pasteasfile-build/xcode/Build/Intermediates.noindex/XCBuildData/6da525cb4193540dce66d57de4a403a3.xcbuilddata
ClangStatCache /Applications/Xcode.app/Contents/Developer/Toolchains/XcodeDefault.xctoolchain/usr/bin/clang-stat-cache /Applications/Xcode.app/Contents/Developer/Platforms/MacOSX.platform/Developer/SDKs/MacOSX27.0.sdk /tmp/pasteasfile-build/xcode/SDKStatCaches.noindex/macosx27.0-26A425-7231f6df4def33e022ae2eb8f782df1a.sdkstatcache
    cd /Users/bf/Library/CloudStorage/GoogleDrive-bernynoussi@gmail.com/Mon\ Drive/Formation/Collège\ BDEB/ETE_2026/420-A60-BB\ ALGORITHMES\ D\'APPRENTISSAGE\ PROFOND/Examen\ Final/PasteAsFile/PasteAsFile.xcodeproj
    /Applications/Xcode.app/Contents/Developer/Toolchains/XcodeDefault.xctoolchain/usr/bin/clang-stat-cache /Applications/Xcode.app/Contents/Developer/Platforms/MacOSX.platform/Developer/SDKs/MacOSX27.0.sdk -o /tmp/pasteasfile-build/xcode/SDKStatCaches.noindex/macosx27.0-26A425-7231f6df4def33e022ae2eb8f782df1a.sdkstatcache

ProcessInfoPlistFile /tmp/pasteasfile-build/xcode/Build/Products/Release/PasteAsFileFinder.appex/Contents/Info.plist /Users/bf/Library/CloudStorage/GoogleDrive-bernynoussi@gmail.com/Mon\ Drive/Formation/Collège\ BDEB/ETE_2026/420-A60-BB\ ALGORITHMES\ D\'APPRENTISSAGE\ PROFOND/Examen\ Final/PasteAsFile/PasteAsFileFinder/Info.plist (in target 'PasteAsFileFinder' from project 'PasteAsFile')
    cd /Users/bf/Library/CloudStorage/GoogleDrive-bernynoussi@gmail.com/Mon\ Drive/Formation/Collège\ BDEB/ETE_2026/420-A60-BB\ ALGORITHMES\ D\'APPRENTISSAGE\ PROFOND/Examen\ Final/PasteAsFile
    builtin-infoPlistUtility /Users/bf/Library/CloudStorage/GoogleDrive-bernynoussi@gmail.com/Mon\ Drive/Formation/Collège\ BDEB/ETE_2026/420-A60-BB\ ALGORITHMES\ D\'APPRENTISSAGE\ PROFOND/Examen\ Final/PasteAsFile/PasteAsFileFinder/Info.plist -producttype com.apple.product-type.app-extension -expandbuildsettings -platform macosx -o /tmp/pasteasfile-build/xcode/Build/Products/Release/PasteAsFileFinder.appex/Contents/Info.plist

PruneExplicitPrecompiledModules /tmp/pasteasfile-build/xcode/SDKExplicitPrecompiledModules

PruneExplicitPrecompiledModules /tmp/pasteasfile-build/xcode/Build/Intermediates.noindex/ExplicitPrecompiledModules

PruneExplicitPrecompiledModules /tmp/pasteasfile-build/xcode/Build/Intermediates.noindex/SwiftExplicitPrecompiledModules

** BUILD SUCCEEDED **

V3-finder exit=0

=== V4-plist ===
PasteAsFile/Info.plist: OK
PasteAsFileFinder/Info.plist: OK
PasteAsFileFinder/PasteAsFileFinder.entitlements: OK
PasteAsFile.xcodeproj/project.pbxproj: OK
V4-plist exit=0

=== V4-point ===
V4-point exit=0

=== V4-sandbox ===
V4-sandbox exit=0

=== V5 ===
--prepared:/private/tmp/pasteasfile-build/xcode/Build/Products/Release/PasteAsFile.app/Contents/PlugIns/PasteAsFileFinder.appex
--validated:/private/tmp/pasteasfile-build/xcode/Build/Products/Release/PasteAsFile.app/Contents/PlugIns/PasteAsFileFinder.appex
/tmp/pasteasfile-build/xcode/Build/Products/Release/PasteAsFile.app: valid on disk
/tmp/pasteasfile-build/xcode/Build/Products/Release/PasteAsFile.app: satisfies its Designated Requirement
V5 exit=0
